VBCSCompilerPreWarmer: pre-warm launched (dotnet PID 36348)
VBCSCompiler prewarm took 74.46 ms
[Licensing::Module] Trying to connect to existing licensing client channel...
Built from '6000.6/staging' branch; Version is '6000.6.2f1 (770e33f6875c) revision 7802419'; Using compiler version '194234433'; Build Type 'Release'
[Licensing::IpcConnector] Successfully connected to: "LicenseClient-TQv63wp7rn4hkgEeCWwOu" at "2026-10-01T11:20:49.1882255Z"
OS: 'Windows 11  (10.0.26200) Professional' Language: 'pt' Physical Memory: 16070 MB
BatchMode: 0, IsHumanControllingUs: 1, StartBugReporterOnCrash: 1, Is64bit: 1
System  architecture: x64
Process architecture: x64
Date: 2026-10-01T11:20:49Z
[Licensing::Client] Code 10 while verifying Licensing Client signature (process Id: 34912, path: "C:/Program Files/Unity Hub/UnityLicensingClient_V1/Unity.Licensing.Client.exe")
[Licensing::Module] LicensingClient has failed validation; ignoring
[Licensing::Client] Handshaking with LicensingClient:
  Version:                 1.18.3+d7ffd15
  Session Id:              476f8916e0e544b8be9944dc42fd182a
  Correlation Id:          3725446844b4e327cc0ff52cff8d1604
  External correlation Id: 1487601984708768187
  Machine Id:              D7VjXKCCAvVo5hrBGV7aejrj8kw=
[Licensing::Module] Successfully connected to LicensingClient on channel: "LicenseClient-TQv63wp7rn4hkgEeCWwOu" (connect: 0.00s, validation: 0.02s, handshake: 0.31s)
[Licensing::IpcConnector] Successfully connected to: "LicenseClient-TQv63wp7rn4hkgEeCWwOu-notifications" at "2026-10-01T11:20:49.5237928Z"
[Licensing::Client] Successfully updated the access token
[Licensing::Module] Successfully updated the access token D2u44aPLYE...
[Licensing::Client] Successfully resolved entitlement details
[Licensing::Module] License group:
  Id: 4674143735218-UnityPersXXXX
  Product: Unity Personal
  Type: Assigned
  Expiration: Unlimited
[Licensing::Client] Successfully updated license, isAsync: True, time: 0.02

COMMAND LINE ARGUMENTS:
C:\Program Files\Unity\Hub\Editor\6000.6.2f1\Editor\Unity.exe
-projectpath
C:\Users\nicole57193517\Prototipo
-acceptSoftwareTermsForThisRunOnly
-useHub
-hubIPC
-cloudEnvironment
production
-licensingIpc
LicenseClient-TQv63wp7rn4hkgEeCWwOu
-hubSessionId
965593f9-cb8d-45c7-87df-481f7f390adf
-accessToken
D2u44aPLYEtfGP6GoDbIfPDvh5f2YjDDCJLX4mRwqzg004f
Successfully changed project path to: C:\Users\nicole57193517\Prototipo
[Licensing::Client] Successfully resolved entitlement details
[Licensing::Module] Licensing Background thread has ended after 0.57s
C:/Users/nicole57193517/Prototipo
[UnityMemory] Configuration Parameters - Can be set up in boot.config
    "memorysetup-temp-allocator-size-gi-baking-worker=262144"
    "memorysetup-temp-allocator-size-gi-baking-worker=262144"
    "memorysetup-temp-allocator-size-gi-baking-worker=262144"
    "memorysetup-temp-allocator-size-gi-baking-worker=262144"
    "memorysetup-temp-allocator-size-gi-baking-worker=262144"
    "memorysetup-temp-allocator-size-nav-mesh-worker=65536"
    "memorysetup-temp-allocator-size-audio-worker=65536"
    "memorysetup-temp-allocator-size-cloud-worker=32768"
    "memorysetup-temp-allocator-size-gfx=262144"
    "memorysetup-remapper-allocator-initial-capacity=32768"
    "memorysetup-temp-allocator-size-preload-manager=33554432"
    "memorysetup-allocator-temp-initial-block-size-main=262144"
    "memorysetup-allocator-temp-initial-block-size-worker=262144"
    "memorysetup-temp-allocator-size-job-worker=262144"
    "memorysetup-temp-allocator-size-background-worker=32768"
    "memorysetup-bucket-allocator-granularity=16"
    "memorysetup-bucket-allocator-bucket-count=8"
    "memorysetup-bucket-allocator-block-size=33554432"
    "memorysetup-bucket-allocator-block-count=8"
    "memorysetup-main-allocator-block-size=16777216"
    "memorysetup-thread-allocator-block-size=16777216"
    "memorysetup-main-allocator-mimalloc-enabled=1"
    "memorysetup-gfx-main-allocator-block-size=16777216"
    "memorysetup-gfx-thread-allocator-block-size=16777216"
    "memorysetup-cache-allocator-block-size=4194304"
    "memorysetup-typetree-allocator-block-size=2097152"
    "memorysetup-profiler-bucket-allocator-granularity=16"
    "memorysetup-profiler-bucket-allocator-bucket-count=8"
    "memorysetup-profiler-bucket-allocator-block-size=33554432"
    "memorysetup-profiler-bucket-allocator-block-count=8"
    "memorysetup-profiler-allocator-block-size=16777216"
    "memorysetup-profiler-editor-allocator-block-size=1048576"
    "memorysetup-temp-allocator-size-main=16777216"
    "memorysetup-job-temp-allocator-block-size=2097152"
    "memorysetup-job-temp-allocator-block-size-background=1048576"
    "memorysetup-job-temp-allocator-reduction-small-platforms=262144"
Player connection [25556]  Target information:

Player connection [25556]  * "[IP] 10.16.109.40 [Port] 55504 [Flags] 2 [Guid] 1659708152 [EditorId] 1659708152 [Version] 1048832 [Id] WindowsEditor(7,P06003-033246) [Debug] 1 [PackageName] WindowsEditor [ProjectName] Editor" 

Player connection [25556] Host joined multi-casting on [225.0.0.222:54997]...
Player connection [25556] Host joined alternative multi-casting on [225.0.0.222:34997]...
Input System module state changed to: Initialized.
[Physics::Module] Initialized fallback backend.
[Physics::Module] Id: 0xdecafbad
[Package Manager] Connected to IPC stream "Upm-34284" after 0.1 seconds.
[Licensing::Client] Successfully resolved entitlement details
Library Redirect Path: Library/
Initialising UDS system complete:
  - System type: Client
  - Resource namespace: e84b51759433a6687e17e70519ded6ca
  - Shared memory size: 1073741824
  - Command buffer id: 1052576
  - Command buffer size: 8192
  - Hashmap size: 4194304
  - Service connected: false
Launching Unity Data Store - C:/Program Files/Unity/Hub/Editor/6000.6.2f1/Editor/Data/Tools/Unity.DataStore.exe 
Unity Data Store artifact dir = Library/DataStore, working dir = C:/Users/nicole57193517/PrototipoSerialized file "ProjectSettings/DynamicsManager.asset" contains a PhysicsManager object at version 11, below the supported minimum (13). Open and re-save the file to upgrade.
[Physics::Module] Selected backend.
[Physics::Module] Name: PhysX
[Physics::Module] Id: 0xf2b8ea05
[Physics::Module] SDK Version: 4.1.2
[Physics::Module] Integration Version: 1.0.0
[Physics::Module] Threading Mode: Multi-Threaded
Unity Data Store running and initialised
Initialize engine version: 6000.6.2f1 (770e33f6875c)
[EntityIdStore] init: VM path (explicit commit), pageSize=4096, blockCount=1048576, entitiesPerBlock=256, slots reserved=4294967296 bytes
[Subsystems] Discovering subsystems at path C:/Program Files/Unity/Hub/Editor/6000.6.2f1/Editor/Data/Resources/UnitySubsystems
[Subsystems] Discovering subsystems at path C:/Users/nicole57193517/Prototipo/Assets
[D3D12 Device Filter] Vendor Name: NVIDIA
[D3D12 Device Filter] Device Name: NVIDIA RTX 2000 Ada Generation
[D3D12 Device Filter] Driver Version: 32.0.15.9671
[D3D12 Device Filter] Feature Level: 12.2
[D3D12 Device Filter] Graphics Memory: 16118 MB
[D3D12 Device Filter] Processor Count: 28
[D3D12 Device Filter] Device Type: Discrete
GfxDevice: creating device client; kGfxThreadingModeSplitJobs
d3d12: failed to query info queue interface (0x80004002).
Direct3D:
    Version:         Direct3D 12 [level 12.2]
    Renderer:        NVIDIA RTX 2000 Ada Generation (ID=0x28b0)
    Vendor:          NVIDIA
    VRAM:            16118 MB
    App VRAM Budget: 15350 MB
    Driver:          32.0.15.9671
Initialize mono
Mono path[0] = 'C:/Program Files/Unity/Hub/Editor/6000.6.2f1/Editor/Data/Managed'
Mono path[1] = 'C:/Program Files/Unity/Hub/Editor/6000.6.2f1/Editor/Data/BCLExtensions/runtime/netstandard2.1'
Mono path[2] = 'C:/Program Files/Unity/Hub/Editor/6000.6.2f1/Editor/Data/MonoBleedingEdge/lib/mono/unityjit-win32'
Mono config path = 'C:/Program Files/Unity/Hub/Editor/6000.6.2f1/Editor/Data/MonoBleedingEdge/etc'
Using monoOptions --debugger-agent=transport=dt_socket,embedding=1,server=y,suspend=n,address=127.0.0.1:56284
CodeReloadManager initialized
ImportWorker Server TCP listen port: 0
AcceleratorClientConnectionCallback - disconnected - :0
Begin MonoManager ReloadAssembly
Registering precompiled unity dll's ...
Register platform support module: C:/Program Files/Unity/Hub/Editor/6000.6.2f1/Editor/Data/PlaybackEngines/WindowsStandaloneSupport/UnityEditor.WindowsStandalone.Extensions.dll
Registered in 0.026409 seconds.
Native extension for WindowsStandalone target not found
Package Manager log level set to [2]
ScheduleIndexationOnStartup MainProcess:False IndexOnStartup:True
Scripting: successfully reloaded assembly
- Finished resetting the current domain, in  2.118 seconds
Domain Reload Profiling: 3628ms
	BeginReloadAssembly (561ms)
		CreateAndSetChildDomain (13ms)
	RebuildCommonClasses (5ms)
	RebuildNativeTypeToScriptingClass (169ms)
	initialDomainReloadingComplete (152ms)
	LoadAllAssembliesAndSetupDomain (622ms)
		LoadAssemblies (549ms)
		TypeCache.Refresh (511ms)
			TypeCache.ScanAssembly (466ms)
		AnalyzeDomain (4ms)
	FinalizeReload (2119ms)
		SetupLoadedEditorAssemblies (0ms)
			InitializePlatformSupportModulesInManaged (3ms)
			BeforeProcessingInitializeOnLoad (97ms)
			ProcessInitializeOnLoadAttributes (87ms)
			ProcessInitializeOnLoadMethodAttributes (1580ms)
[Licensing::Client] Successfully resolved entitlement details
Application.AssetDatabase Initial Refresh Start
[Package Manager] Restoring resolved packages state from cache
[Licensing::Client] Successfully resolved entitlement details
[Package Manager] Registered 52 packages:
  Packages from [https://packages.unity.com]:
    com.unity.collab-proxy@2.13.6 (location: C:\Users\nicole57193517\Prototipo\Library\PackageCache\com.unity.collab-proxy@4628d2ba6ea4)
    com.unity.ide.rider@3.0.38 (location: C:\Users\nicole57193517\Prototipo\Library\PackageCache\com.unity.ide.rider@1f60b3138684)
    com.unity.ide.visualstudio@2.0.26 (location: C:\Users\nicole57193517\Prototipo\Library\PackageCache\com.unity.ide.visualstudio@a99d56dec63f)
    com.unity.inputsystem@1.20.0 (location: C:\Users\nicole57193517\Prototipo\Library\PackageCache\com.unity.inputsystem@7a4e1a2a8194)
    com.unity.visualscripting@1.9.12 (location: C:\Users\nicole57193517\Prototipo\Library\PackageCache\com.unity.visualscripting@4edfcc09512f)
    com.unity.performance.profile-analyzer@1.4.0 (location: C:\Users\nicole57193517\Prototipo\Library\PackageCache\com.unity.performance.profile-analyzer@2bb26871883c)
    com.unity.testtools.codecoverage@1.3.0 (location: C:\Users\nicole57193517\Prototipo\Library\PackageCache\com.unity.testtools.codecoverage@19a841221620)
    com.unity.settings-manager@2.1.1 (location: C:\Users\nicole57193517\Prototipo\Library\PackageCache\com.unity.settings-manager@0b8638c5ce86)
  Built-in packages:
    com.unity.feature.development@1.0.2 (location: C:\Users\nicole57193517\Prototipo\Library\PackageCache\com.unity.feature.development@767aadbc6eb7)
    com.unity.timeline@6.6.0 (location: C:\Users\nicole57193517\Prototipo\Library\PackageCache\com.unity.timeline@c56d56b0070b)
    com.unity.ugui@2.6.0 (location: C:\Users\nicole57193517\Prototipo\Library\PackageCache\com.unity.ugui@0f30cee369f3)
    com.unity.modules.accessibility@1.0.0 (location: C:\Users\nicole57193517\Prototipo\Library\PackageCache\com.unity.modules.accessibility)
    com.unity.modules.adaptiveperformance@1.0.0 (location: C:\Users\nicole57193517\Prototipo\Library\PackageCache\com.unity.modules.adaptiveperformance)
    com.unity.modules.ai@1.0.0 (location: C:\Users\nicole57193517\Prototipo\Library\PackageCache\com.unity.modules.ai)
    com.unity.modules.androidjni@1.0.0 (location: C:\Users\nicole57193517\Prototipo\Library\PackageCache\com.unity.modules.androidjni)
    com.unity.modules.animation@1.0.0 (location: C:\Users\nicole57193517\Prototipo\Library\PackageCache\com.unity.modules.animation)
    com.unity.modules.assetbundle@1.0.0 (location: C:\Users\nicole57193517\Prototipo\Library\PackageCache\com.unity.modules.assetbundle)
    com.unity.modules.audio@1.0.0 (location: C:\Users\nicole57193517\Prototipo\Library\PackageCache\com.unity.modules.audio)
    com.unity.modules.cloth@1.0.0 (location: C:\Users\nicole57193517\Prototipo\Library\PackageCache\com.unity.modules.cloth)
    com.unity.modules.director@1.0.0 (location: C:\Users\nicole57193517\Prototipo\Library\PackageCache\com.unity.modules.director)
    com.unity.modules.imageconversion@1.0.0 (location: C:\Users\nicole57193517\Prototipo\Library\PackageCache\com.unity.modules.imageconversion)
    com.unity.modules.imgui@1.0.0 (location: C:\Users\nicole57193517\Prototipo\Library\PackageCache\com.unity.modules.imgui)
    com.unity.modules.jsonserialize@1.0.0 (location: C:\Users\nicole57193517\Prototipo\Library\PackageCache\com.unity.modules.jsonserialize)
    com.unity.modules.particlesystem@1.0.0 (location: C:\Users\nicole57193517\Prototipo\Library\PackageCache\com.unity.modules.particlesystem)
    com.unity.modules.physics@1.0.0 (location: C:\Users\nicole57193517\Prototipo\Library\PackageCache\com.unity.modules.physics)
    com.unity.modules.physics2d@1.0.0 (location: C:\Users\nicole57193517\Prototipo\Library\PackageCache\com.unity.modules.physics2d)
    com.unity.modules.physicscore2d@1.0.0 (location: C:\Users\nicole57193517\Prototipo\Library\PackageCache\com.unity.modules.physicscore2d)
    com.unity.modules.screencapture@1.0.0 (location: C:\Users\nicole57193517\Prototipo\Library\PackageCache\com.unity.modules.screencapture)
    com.unity.modules.terrain@1.0.0 (location: C:\Users\nicole57193517\Prototipo\Library\PackageCache\com.unity.modules.terrain)
    com.unity.modules.terrainphysics@1.0.0 (location: C:\Users\nicole57193517\Prototipo\Library\PackageCache\com.unity.modules.terrainphysics)
    com.unity.modules.tetgen@1.0.0 (location: C:\Users\nicole57193517\Prototipo\Library\PackageCache\com.unity.modules.tetgen)
    com.unity.modules.tilemap@1.0.0 (location: C:\Users\nicole57193517\Prototipo\Library\PackageCache\com.unity.modules.tilemap)
    com.unity.modules.timelinefoundation@1.0.0 (location: C:\Users\nicole57193517\Prototipo\Library\PackageCache\com.unity.modules.timelinefoundation)
    com.unity.modules.ui@1.0.0 (location: C:\Users\nicole57193517\Prototipo\Library\PackageCache\com.unity.modules.ui)
    com.unity.modules.uielements@1.0.0 (location: C:\Users\nicole57193517\Prototipo\Library\PackageCache\com.unity.modules.uielements)
    com.unity.modules.umbra@1.0.0 (location: C:\Users\nicole57193517\Prototipo\Library\PackageCache\com.unity.modules.umbra)
    com.unity.modules.unityanalytics@1.0.0 (location: C:\Users\nicole57193517\Prototipo\Library\PackageCache\com.unity.modules.unityanalytics)
    com.unity.modules.unitywebrequest@1.0.0 (location: C:\Users\nicole57193517\Prototipo\Library\PackageCache\com.unity.modules.unitywebrequest)
    com.unity.modules.unitywebrequestassetbundle@1.0.0 (location: C:\Users\nicole57193517\Prototipo\Library\PackageCache\com.unity.modules.unitywebrequestassetbundle)
    com.unity.modules.unitywebrequestaudio@1.0.0 (location: C:\Users\nicole57193517\Prototipo\Library\PackageCache\com.unity.modules.unitywebrequestaudio)
    com.unity.modules.unitywebrequesttexture@1.0.0 (location: C:\Users\nicole57193517\Prototipo\Library\PackageCache\com.unity.modules.unitywebrequesttexture)
    com.unity.modules.unitywebrequestwww@1.0.0 (location: C:\Users\nicole57193517\Prototipo\Library\PackageCache\com.unity.modules.unitywebrequestwww)
    com.unity.modules.vectorgraphics@1.0.0 (location: C:\Users\nicole57193517\Prototipo\Library\PackageCache\com.unity.modules.vectorgraphics)
    com.unity.modules.vehicles@1.0.0 (location: C:\Users\nicole57193517\Prototipo\Library\PackageCache\com.unity.modules.vehicles)
    com.unity.modules.video@1.0.0 (location: C:\Users\nicole57193517\Prototipo\Library\PackageCache\com.unity.modules.video)
    com.unity.modules.wind@1.0.0 (location: C:\Users\nicole57193517\Prototipo\Library\PackageCache\com.unity.modules.wind)
    com.unity.modules.xr@1.0.0 (location: C:\Users\nicole57193517\Prototipo\Library\PackageCache\com.unity.modules.xr)
    com.unity.modules.subsystems@1.0.0 (location: C:\Users\nicole57193517\Prototipo\Library\PackageCache\com.unity.modules.subsystems)
    com.unity.modules.hierarchycore@1.0.0 (location: C:\Users\nicole57193517\Prototipo\Library\PackageCache\com.unity.modules.hierarchycore)
    com.unity.test-framework@1.8.0 (location: C:\Users\nicole57193517\Prototipo\Library\PackageCache\com.unity.test-framework@7a3849e09bd0)
    com.unity.ext.nunit@2.1.0 (location: C:\Users\nicole57193517\Prototipo\Library\PackageCache\com.unity.ext.nunit@0198eae3b53e)
    com.unity.editorcoroutines@6.6.0 (location: C:\Users\nicole57193517\Prototipo\Library\PackageCache\com.unity.editorcoroutines@8cd72baa102a)
[Subsystems] No new subsystems found in resolved package list.
[Package Manager] Done registering packages in 0.46 seconds
[ScriptCompilation] Requested script compilation because: AssetDatabase observed changes in script compilation related files
Starting: C:\Program Files\Unity\Hub\Editor\6000.6.2f1\Editor\Data\Tools\BuildPipeline\bee_backend.exe --ipc --defer-dag-verification --dagfile="Library/Bee/1900b0aE.dag" --continue-on-failure --profile="Library/Bee/backend1.traceevents" ScriptAssemblies
WorkingDir: C:/Users/nicole57193517/Prototipo
ExitCode: 0 Duration: 3s54ms
[453/564    0s] CopyFiles Library/ScriptAssemblies/Unity.VisualStudio.Editor.pdb
[454/564    0s] CopyFiles Library/ScriptAssemblies/Unity.Rider.Editor.pdb
[455/564    0s] ILPP-Configuration Library/ilpp-configuration.nevergeneratedoutput
[490/564    0s] CopyFiles Library/ScriptAssemblies/Unity.PlasticSCM.Editor.Assistant.pdb
[491/564    0s] CopyFiles Library/ScriptAssemblies/Unity.CollabProxy.Editor.pdb
[492/564    0s] CopyFiles Library/ScriptAssemblies/Unity.InputSystem.DocCodeSamples.pdb
[493/564    0s] CopyFiles Library/ScriptAssemblies/Unity.EditorCoroutines.Editor.pdb
[494/564    0s] CopyFiles Library/ScriptAssemblies/Unity.InputSystem.ForUI.Editor.pdb
[495/564    0s] CopyFiles Library/ScriptAssemblies/Unity.Performance.Profile-Analyzer.Editor.pdb
[496/564    0s] CopyFiles Library/ScriptAssemblies/Unity.Rider.Editor.dll
[497/564    0s] CopyFiles Library/ScriptAssemblies/UnityEngine.TestRunner.dll
[498/564    0s] CopyFiles Library/ScriptAssemblies/Unity.Timeline.dll
[499/564    0s] CopyFiles Library/ScriptAssemblies/Unity.InputSystem.DocCodeSamples.dll
[500/564    0s] CopyFiles Library/ScriptAssemblies/Unity.EditorCoroutines.Editor.dll
[501/564    0s] CopyFiles Library/ScriptAssemblies/UnityEngine.UI.dll
[502/564    0s] CopyFiles Library/ScriptAssemblies/Unity.VisualScripting.Core.Editor.pdb
[503/564    0s] CopyFiles Library/ScriptAssemblies/Unity.VisualScripting.Core.dll
[504/564    0s] CopyFiles Library/ScriptAssemblies/Unity.TextMeshPro.Editor.dll
[505/564    0s] CopyFiles Library/ScriptAssemblies/Unity.TextMeshPro.dll
[506/564    0s] CopyFiles Library/ScriptAssemblies/Unity.VisualScripting.Flow.dll
[507/564    0s] CopyFiles Library/ScriptAssemblies/Unity.Timeline.Editor.dll
[508/564    0s] CopyFiles Library/ScriptAssemblies/Unity.InputSystem.dll
[509/564    0s] CopyFiles Library/ScriptAssemblies/Unity.PlasticSCM.Editor.pdb
[510/564    0s] CopyFiles Library/ScriptAssemblies/Unity.InputSystem.ForUI.Editor.dll
[511/564    0s] CopyFiles Library/ScriptAssemblies/Unity.TextMeshPro.Editor.pdb
[512/564    0s] CopyFiles Library/ScriptAssemblies/Unity.Settings.Editor.pdb
[513/564    0s] CopyFiles Library/ScriptAssemblies/UnityEditor.TestRunner.pdb
[514/564    0s] CopyFiles Library/ScriptAssemblies/Unity.Timeline.Editor.pdb
[515/564    0s] CopyFiles Library/ScriptAssemblies/Unity.VisualScripting.Shared.Editor.pdb
[516/564    0s] CopyFiles Library/ScriptAssemblies/UnityEngine.TestRunner.pdb
[517/564    0s] CopyFiles Library/ScriptAssemblies/Unity.PlasticSCM.Editor.Assistant.dll
[518/564    0s] CopyFiles Library/ScriptAssemblies/Unity.TestTools.CodeCoverage.Editor.pdb
[519/564    0s] CopyFiles Library/ScriptAssemblies/Unity.VisualScripting.DocCodeExamples.pdb
[520/564    0s] CopyFiles Library/ScriptAssemblies/Unity.TestTools.CodeCoverage.Editor.OpenCover.Mono.Reflection.pdb
[521/564    0s] CopyFiles Library/ScriptAssemblies/Unity.Performance.Profile-Analyzer.Editor.dll
[522/564    0s] CopyFiles Library/ScriptAssemblies/Unity.VisualScripting.SettingsProvider.Editor.pdb
[523/564    0s] CopyFiles Library/ScriptAssemblies/Unity.CollabProxy.Editor.dll
[524/564    0s] CopyFiles Library/ScriptAssemblies/Unity.TestTools.CodeCoverage.Editor.OpenCover.Mono.Reflection.dll
[525/564    0s] CopyFiles Library/ScriptAssemblies/Unity.VisualScripting.SettingsProvider.Editor.dll
[526/564    0s] CopyFiles Library/ScriptAssemblies/Unity.VisualScripting.Core.pdb
[527/564    0s] CopyFiles Library/ScriptAssemblies/Unity.VisualScripting.Core.Editor.dll
[528/564    0s] CopyFiles Library/ScriptAssemblies/Unity.TestTools.CodeCoverage.Editor.OpenCover.Model.pdb
[529/564    0s] CopyFiles Library/ScriptAssemblies/Unity.VisualScripting.Flow.pdb
[530/564    0s] CopyFiles Library/ScriptAssemblies/UnityEditor.UI.Analytics.pdb
[531/564    0s] CopyFiles Library/ScriptAssemblies/Unity.TestTools.CodeCoverage.Editor.OpenCover.Model.dll
[532/564    0s] CopyFiles Library/ScriptAssemblies/Unity.PlasticSCM.Editor.dll
[533/564    0s] CopyFiles Library/ScriptAssemblies/Unity.InternalAPIEngineBridge.004.pdb
[534/564    0s] CopyFiles Library/ScriptAssemblies/UnityEditor.UI.Analytics.dll
[535/564    0s] CopyFiles Library/ScriptAssemblies/Unity.PlasticSCM.Editor.Entities.pdb
[536/564    0s] CopyFiles Library/ScriptAssemblies/Unity.PlasticSCM.Editor.Entities.dll
[537/564    0s] CopyFiles Library/ScriptAssemblies/Unity.VisualScripting.State.pdb
[538/564    0s] CopyFiles Library/ScriptAssemblies/Unity.VisualScripting.State.Editor.pdb
[539/564    0s] CopyFiles Library/ScriptAssemblies/Unity.TextMeshPro.pdb
[540/564    0s] CopyFiles Library/ScriptAssemblies/UnityEditor.TestRunner.dll
[541/564    0s] CopyFiles Library/ScriptAssemblies/Unity.VisualScripting.Flow.Editor.pdb
[542/564    0s] CopyFiles Library/ScriptAssemblies/Unity.InputSystem.TestFramework.pdb
[543/564    0s] CopyFiles Library/ScriptAssemblies/Unity.InputSystem.pdb
[544/564    0s] CopyFiles Library/ScriptAssemblies/Unity.Timeline.pdb
[545/564    0s] CopyFiles Library/ScriptAssemblies/UnityEditor.UI.pdb
[546/564    0s] CopyFiles Library/ScriptAssemblies/Unity.VisualScripting.State.Editor.dll
[547/564    0s] CopyFiles Library/ScriptAssemblies/UnityEngine.UI.pdb
[548/564    0s] CopyFiles Library/ScriptAssemblies/Unity.InputSystem.ForUI.pdb
[549/564    0s] CopyFiles Library/ScriptAssemblies/UnityEditor.UI.dll
[550/564    0s] CopyFiles Library/ScriptAssemblies/Unity.VisualScripting.Flow.Editor.dll
[551/564    1s] CopyFiles Library/ScriptAssemblies/Unity.VisualStudio.Editor.dll
[552/564    0s] CopyFiles Library/ScriptAssemblies/Unity.Settings.Editor.dll
[553/564    0s] CopyFiles Library/ScriptAssemblies/Unity.VisualScripting.State.dll
[554/564    0s] CopyFiles Library/ScriptAssemblies/Unity.TestTools.CodeCoverage.Editor.dll
[555/564    1s] CopyFiles Library/ScriptAssemblies/Unity.InputSystem.TestFramework.dll
[556/564    1s] CopyFiles Library/ScriptAssemblies/Unity.InputSystem.ForUI.dll
[557/564    1s] CopyFiles Library/ScriptAssemblies/Unity.VisualScripting.Shared.Editor.dll
[558/564    1s] CopyFiles Library/ScriptAssemblies/Unity.VisualScripting.DocCodeExamples.dll
[559/564    1s] CopyFiles Library/ScriptAssemblies/Unity.InternalAPIEngineBridge.004.dll
[560/564    1s] Csc Library/Bee/artifacts/1900b0aE.dag/Assembly-CSharp.dll (+2 others)
[561/564    0s] ILPostProcess Library/Bee/artifacts/1900b0aE.dag/post-processed/Assembly-CSharp.dll (+pdb)
Processing assembly Library/Bee/artifacts/1900b0aE.dag/Assembly-CSharp.dll, with 149 defines and 318 references

processors: zzzUnity.Burst.CodeGen.BurstILPostProcessor

1 processor(s) skipped this assembly
[562/564    0s] CopyFiles Library/ScriptAssemblies/Assembly-CSharp.pdb
[563/564    1s] CopyFiles Library/ScriptAssemblies/Assembly-CSharp.dll
*** Tundra build success (2.91 seconds), 77 items updated, 564 evaluated
AssetDatabase: script compilation time: 5.489073s
Begin MonoManager ReloadAssembly
Total cache size 166573596
Total cache size after purge 166573596, took 00:00:00.3075172
Refreshing native plugins compatible for Editor in 30.35 ms, found 4 plugins.
Native extension for WindowsStandalone target not found
ScheduleIndexationOnStartup MainProcess:True IndexOnStartup:True
Scripting: successfully reloaded assembly
- Finished resetting the current domain, in  0.673 seconds
Domain Reload Profiling: 3806ms
	BeginReloadAssembly (615ms)
		DisableScriptedObjects (63ms)
		CreateAndSetChildDomain (30ms)
	RebuildCommonClasses (7ms)
	RebuildNativeTypeToScriptingClass (11ms)
	initialDomainReloadingComplete (1476ms)
	LoadAllAssembliesAndSetupDomain (1024ms)
		LoadAssemblies (1214ms)
		TypeCache.Refresh (145ms)
			TypeCache.ScanAssembly (136ms)
		AnalyzeDomain (34ms)
			BuildScriptInfoCaches (29ms)
			ResolveRequiredComponents (4ms)
	FinalizeReload (674ms)
		SetupLoadedEditorAssemblies (0ms)
			BeforeProcessingInitializeOnLoad (89ms)
			ProcessInitializeOnLoadAttributes (337ms)
			ProcessInitializeOnLoadMethodAttributes (32ms)
			AfterProcessingInitializeOnLoad (6ms)
		AwakeInstancesAfterBackupRestoration (28ms)
Starting new worker id: 0 with log in C:/Users/nicole57193517/Prototipo/Logs/AssetImportWorkerHW0.log
Refreshing native plugins compatible for Editor in 6.34 ms, found 4 plugins.

Asset Pipeline Refresh (id=970ea8fabf767f54db71375b0e8cd2e2): Total: 11.511 seconds - Initiated by InitialRefreshV2(ForceSynchronousImport)
	(Values over 0.05ms)
	Summary:
		Imports: total=0 (actual=0, local cache=0, cache server=0)
		Asset DB Process Time: managed=0 ms, native=1933 ms
		Asset DB Callback time: managed=245 ms, native=502 ms
		Scripting: domain reloads=1, domain reload time=3298 ms, compile time=5506 ms, other=24 ms
		Project Asset Count: scripts=835, non-scripts=930
		Asset File Changes: new=0, changed=1, moved=0, deleted=0
		Scan Filter Count: 0
	InvokePackagesCallback: 496.421ms
	ApplyChangesToAssetFolders: 1.196ms
	Scan: 232.407ms
	Collect global state as custom dependencies: 19.867ms
	OnSourceAssetsModified: 0.756ms
	CategorizeScriptCompilationAssets: 483.893ms
	ProcessAssetsWithTransientArtifactChanges: 44.489ms
	CategorizeAssets: 15.832ms
	CompileScripts: 5505.626ms
	ImportOutOfDateAssets: 787.690ms (711.889ms without children)
		UnloadImportedAssets: 0.110ms
		EnsureUptoDateAssetsAreRegisteredWithGuidPM: 0.247ms
		ImportSchedulerStart: 75.441ms
	PostProcessAllAssets: 248.451ms
		VCAutoAddAssetPostprocess 2.021ms
		XRBuildSystem.XRAssetImported 0.333ms
		PostProcessCallbackCreateDeferredMaterials 0.149ms
		ShaderAssetModifiedCallback 0.112ms
		MonoPostProcessAllAssets: 245.056ms
			SyncVS.PostprocessSyncProject 129.997ms
			AssetPostprocessor.OnPostprocessAllAssets 69.599ms
			StyleCatalogPostProcessor.OnPostprocessAllAssets 15.421ms
			WindowAssetPostprocessingWatcher.OnPostprocessAllAssets 6.637ms
			AssetChangedListener.OnPostprocessAllAssets 4.771ms
			BuilderAssetPostprocessor.OnPostprocessAllAssets 4.368ms
			RetainedModeAssetPostprocessor.OnPostprocessAllAssets 1.079ms
			TextAssetPostProcessor.OnPostprocessAllAssets 0.777ms
			EditModeScopePostprocessor.OnPostprocessAllAssets 0.731ms
			SpeedTree9Postprocessor.OnPostprocessAllAssets 0.672ms
			ArtifactBrowserPostProcessor.OnPostprocessAllAssets 0.533ms
			UVCSAssetPostprocessor.OnPostprocessAllAssets 0.375ms
			InputActionAssetPostprocessor.OnPostprocessAllAssets 0.282ms
			ReferencedClipsPostProcessor.OnPostprocessAllAssets 0.249ms
			TerrainToolbarOverlayPostProcessor.OnPostprocessAllAssets 0.233ms
			AudioMixerPostprocessor.OnPostprocessAllAssets 0.225ms
			AssetEvents.OnPostprocessAllAssets 0.222ms
			TMPro_TexturePostProcessor.OnPostprocessAllAssets 0.204ms
			InputActionJsonNameModifierAssetProcessor.OnPostprocessAllAssets 0.197ms
			ThemePostprocessor.OnPostprocessAllAssets 0.163ms
			SamplePostprocessor.OnPostprocessAllAssets 0.163ms
			AssetDatabaseCallbacks.OnPostprocessAllAssets 0.147ms
			ConfigAssetsTracker.OnPostprocessAllAssets 0.130ms
			ProjectSettingsPostprocessor.OnPostprocessAllAssets 0.129ms
			SpeedTreePostProcessor.OnPostprocessAllAssets 0.121ms
			RenderPipelineGlobalSettingsPostprocessor.OnPostprocessAllAssets 0.101ms
			AssetReloadNotifier.OnPostprocessAllAssets 0.098ms
			ScenarioDriftAssetsTracker.OnPostprocessAllAssets 0.096ms
			AudioContainerPostProcessor.OnPostprocessAllAssets 0.057ms
	PostAssetChangesProfiler: 18.919ms
	GatherAllCurrentPrimaryImportResultRevisions: 0.079ms
	UnloadStreamsBegin: 1.319ms
	GenerateScriptTypeHashes: 0.865ms
	GenerateScriptTypeSerializationHashes: 1.736ms
	Untracked: 3602.980ms

Application.AssetDatabase Initial Refresh End
Launched and connected shader compiler UnityShaderCompiler.exe after 0.13 seconds
Scanning for USB devices : 1.453ms
Initializing Unity extensions:
[MODES] ModeService[none].Initialize
[MODES] ModeService[none].LoadModes
[MODES] Loading mode Default (0) for mode-current-id-Prototipo
Unloading 2 Unused Serialized files (Serialized files now loaded: 0)
Loaded scene 'Assets/Scenes/SampleScene.unity'
	Deserialize:            7.410 ms
	Integration:            27.897 ms
	Integration of assets:  0.001 ms
	Thread Wait Time:       0.016 ms
	Total Operation Time:   35.325 ms
Unloading 4315 unused Assets / (1.7 MB). Loaded Objects now: 5052.
Memory consumption went from 340.4 MB to 338.7 MB.
Total: 6.194600 ms (FindLiveObjects: 0.413200 ms CreateObjectMapping: 0.167300 ms MarkObjects: 4.563100 ms  DeleteObjects: 0.802700 ms)

[LAYOUT] About to load UserSettings\Layouts\default-6000.dwlt, keepMainWindow=False
[LAYOUT] About to save layout C:\Users\nicole57193517\Prototipo\UserSettings\Layouts\default-6000.dwlt
[LAYOUT] About to save layout C:/Users/nicole57193517/AppData/Roaming/Unity/Editor-5.x/Preferences\Layouts\current\default-6000.dwlt
[MODES] ModeService[default].InitializeCurrentMode
[MODES] ModeService[default].RaiseModeChanged(default, default)
This project uses Input Manager, which is marked for deprecation. To manage input in your project, use the <a href="https://docs.unity3d.com/Packages/com.unity.inputsystem@latest">Input System package</a> instead.
<RI> Initializing input.
Using Windows.Gaming.Input
XInput1_3.dll not found. Trying XInput9_1_0.dll instead...
<RI> Input initialized.
[Project] Loading completed in 23.074 seconds
	Project init time: 				21.344 seconds
		Template init time: 		0.000 seconds
		Package Manager init time: 		0.168 seconds
		Asset Database init time: 		1.066 seconds
		Global illumination init time: 	0.045 seconds
		Assemblies load time: 			4.469 seconds
		Unity extensions init time: 	0.009 seconds
		Asset Database refresh time: 	11.511 seconds
	Scene opening time: 			1.079 seconds
##utp:{"type":"ProjectInfo","version":2,"phase":"Immediate","time":1790853672139,"processId":34284,"projectLoad":23.0738056,"projectInit":21.3444163,"templateInit":0.0,"packageManagerInit":0.1682952,"assetDatabaseInit":1.0658545,"globalIlluminationInit":0.0446922,"assembliesLoad":4.4685814,"unityExtensionsInit":0.0087869,"assetDatabaseRefresh":11.5112151,"sceneOpening":1.078512}
##utp:{"type":"EditorInfo","version":2,"phase":"Immediate","time":1790853672139,"processId":34284,"editorVersion":"6000.6.2f1 (770e33f6875c)","branch":"6000.6/staging","buildType":"Release","platform":"Windows"}
Asset Pipeline Refresh (id=29fcf9434210dd745b5edaf96614b5aa): Total: 0.113 seconds - Initiated by RefreshV2(AllowForceSynchronousImport)
Start Indexing on Editor startup
[Indexing] Starting Initial Indexing for Assets
Created GICache directory at C:/Users/nicole57193517/AppData/LocalLow/Unity/Caches/GiCache. Took: 0.028s, timestamps: [23.215 - 23.242]
[Licensing::Client] Successfully resolved entitlement details
[Licensing::Client] Successfully resolved entitlement details
[Licensing::Client] Successfully resolved entitlement details
[Licensing::Client] Successfully updated the access token
[Licensing::Module] Successfully updated access token: "D2u44aPL"... (expires: 2026-10-01T13:19:44Z)
Starting new worker id: 1 with log in C:/Users/nicole57193517/Prototipo/Logs/AssetImportWorkerHW1.log
Reloading assemblies for play mode.
Reloading assemblies after forced synchronous recompile.
Begin MonoManager ReloadAssembly
Worker ready: AssetImportWorkerHW0 0
Worker ready: AssetImportWorkerHW1 1
Refreshing native plugins compatible for Editor in 26.30 ms, found 4 plugins.
Native extension for WindowsStandalone target not found
ScheduleIndexationOnStartup MainProcess:True IndexOnStartup:True
[MODES] ModeService[none].Initialize
[MODES] ModeService[none].LoadModes
Scripting: successfully reloaded assembly
- Finished resetting the current domain, in  1.413 seconds
Domain Reload Profiling: 5206ms
	BeginReloadAssembly (2232ms)
		DisableScriptedObjects (117ms)
		CreateAndSetChildDomain (193ms)
	RebuildCommonClasses (7ms)
	RebuildNativeTypeToScriptingClass (11ms)
	initialDomainReloadingComplete (1207ms)
	LoadAllAssembliesAndSetupDomain (334ms)
		LoadAssemblies (2071ms)
		TypeCache.Refresh (6ms)
		AnalyzeDomain (4ms)
	FinalizeReload (1414ms)
		SetupLoadedEditorAssemblies (0ms)
			BeforeProcessingInitializeOnLoad (81ms)
			ProcessInitializeOnLoadAttributes (319ms)
			ProcessInitializeOnLoadMethodAttributes (31ms)
			AfterProcessingInitializeOnLoad (5ms)
		AwakeInstancesAfterBackupRestoration (603ms)
No restricted APIs configured; Validation skipped.
Checking 14 assemblies for restricted APIs found 0 usage(s) in 3 ms
Refreshing native plugins compatible for Editor in 5.27 ms, found 4 plugins.

Asset Pipeline Refresh (id=5199411cbd0cc6543a935cd5f567b1e0): Total: 6.525 seconds - Initiated by StopAssetImportingV2(ForceSynchronousImport | ForceDomainReload)
	(Values over 0.05ms)
	Summary:
		Imports: total=0 (actual=0, local cache=0, cache server=0)
		Asset DB Process Time: managed=0 ms, native=1740 ms
		Asset DB Callback time: managed=666 ms, native=159 ms
		Scripting: domain reloads=1, domain reload time=3945 ms, compile time=12 ms, other=0 ms
		Project Asset Count: scripts=835, non-scripts=930
		Asset File Changes: new=0, changed=0, moved=0, deleted=0
		Scan Filter Count: 0
	InvokePackagesCallback: 14.835ms
	ApplyChangesToAssetFolders: 0.199ms
	Collect global state as custom dependencies: 4.632ms
	ProcessAssetsWithTransientArtifactChanges: 121.609ms
	CategorizeAssets: 8.715ms
	CompileScripts: 12.373ms
	ImportOutOfDateAssets: 1449.053ms (1447.189ms without children)
		UnloadImportedAssets: 1.502ms
		EnsureUptoDateAssetsAreRegisteredWithGuidPM: 0.218ms
		ImportSchedulerStart: 0.136ms
	PostProcessAllAssets: 806.238ms
		PostprocessAssetsUpdateCachedIcon 11.465ms
		AssemblyValidation.PostprocessAllAssets 9.380ms
		PostProcessCallbackCreateDeferredMaterials 7.508ms
		ShaderAssetModifiedCallback 3.453ms
		SpeedTreeImporter.PostprocessAllAssets 3.443ms
		RaytracingShaderImportPostprocess 3.345ms
		ComputeShaderImportPostprocess 2.979ms
		LocalizationDatabase.AssetDatabasePostprocessCallback 1.358ms
		BlockShaderImporter.PostprocessAllAssets 1.218ms
		XRBuildSystem.XRAssetImported 0.294ms
		MonoPostProcessAllAssets: 664.083ms
			SyncVS.PostprocessSyncProject 556.761ms
			AssetPostprocessor.OnPostprocessAllAssets 19.542ms
			TextAssetPostProcessor.OnPostprocessAllAssets 16.138ms
			InputActionAssetPostprocessor.OnPostprocessAllAssets 14.642ms
			InputActionJsonNameModifierAssetProcessor.OnPostprocessAllAssets 14.591ms
			AssetChangedListener.OnPostprocessAllAssets 10.581ms
			BuilderAssetPostprocessor.OnPostprocessAllAssets 5.150ms
			WindowAssetPostprocessingWatcher.OnPostprocessAllAssets 4.353ms
			SpeedTree9Postprocessor.OnPostprocessAllAssets 2.538ms
			RetainedModeAssetPostprocessor.OnPostprocessAllAssets 1.288ms
			ProjectSettingsPostprocessor.OnPostprocessAllAssets 0.808ms
			ArtifactBrowserPostProcessor.OnPostprocessAllAssets 0.435ms
			UVCSAssetPostprocessor.OnPostprocessAllAssets 0.416ms
			AudioMixerPostprocessor.OnPostprocessAllAssets 0.276ms
			StyleCatalogPostProcessor.OnPostprocessAllAssets 0.275ms
			SamplePostprocessor.OnPostprocessAllAssets 0.265ms
			SpeedTreePostProcessor.OnPostprocessAllAssets 0.245ms
			EditModeScopePostprocessor.OnPostprocessAllAssets 0.243ms
			TMPro_TexturePostProcessor.OnPostprocessAllAssets 0.243ms
			ThemePostprocessor.OnPostprocessAllAssets 0.219ms
			ReferencedClipsPostProcessor.OnPostprocessAllAssets 0.203ms
			TerrainToolbarOverlayPostProcessor.OnPostprocessAllAssets 0.165ms
			AssetEvents.OnPostprocessAllAssets 0.159ms
			AssetDatabaseCallbacks.OnPostprocessAllAssets 0.118ms
			ConfigAssetsTracker.OnPostprocessAllAssets 0.103ms
			AssetReloadNotifier.OnPostprocessAllAssets 0.084ms
			ScenarioDriftAssetsTracker.OnPostprocessAllAssets 0.083ms
			RenderPipelineGlobalSettingsPostprocessor.OnPostprocessAllAssets 0.083ms
			AudioContainerPostProcessor.OnPostprocessAllAssets 0.062ms
	PostAssetChangesProfiler: 18.709ms
	GatherAllCurrentPrimaryImportResultRevisions: 0.103ms
	UnloadStreamsBegin: 1.110ms
	GenerateScriptTypeHashes: 0.490ms
	GenerateScriptTypeSerializationHashes: 1.056ms
	Untracked: 4041.743ms

Loaded scene 'Temp/__Backupscenes/0.backup'
	Deserialize:            0.861 ms
	Integration:            256.345 ms
	Integration of assets:  0.001 ms
	Thread Wait Time:       0.010 ms
	Total Operation Time:   257.217 ms
[Licensing::Client] Successfully resolved entitlement details
[Licensing::Client] Successfully resolved entitlement details
[Licensing::Client] Successfully resolved entitlement details
TrimDiskCacheJob: Current cache size 0mb
Asset Pipeline Refresh (id=183a7858f92fa8b4b948576e8b8ca92d): Total: 0.027 seconds - Initiated by RefreshV2(NoUpdateAssetOptions)
Asset Pipeline Refresh (id=5219c032bac8a5f46b021ed9e107873e): Total: 0.010 seconds - Initiated by RefreshV2(NoUpdateAssetOptions)
Asset Pipeline Refresh (id=aa61662882295dd498503b1be9347a27): Total: 0.021 seconds - Initiated by RefreshV2(NoUpdateAssetOptions)
Asset Pipeline Refresh (id=fbb87cc1d77dad7409e0f08c78b3f26a): Total: 0.013 seconds - Initiated by RefreshV2(NoUpdateAssetOptions)
Asset Pipeline Refresh (id=5af11c6a26445f04b98efddad86d67a2): Total: 0.016 seconds - Initiated by RefreshV2(NoUpdateAssetOptions)
[Worker0] Imported GUID: c9864c1402ab58f4fa07d6f3b7db2188 - Path: Assets/Scripts/MovimentoPersonagem.cs - Importer: PreviewImporter -> (ImportResultId: '84b541e71a5b2a762c013267a38e56bb') in 0.0089386 seconds
[Licensing::Client] Successfully resolved entitlement details
[ScriptCompilation] Requested script compilation because: AssetDatabase observed changes in script compilation related files
Refreshing native plugins compatible for Editor in 23.22 ms, found 4 plugins.
Asset Pipeline Refresh (id=f966695c680ee3043bb2bcfb1a449c4e): Total: 0.137 seconds - Initiated by RefreshV2(NoUpdateAssetOptions)
Asset Pipeline Refresh (id=22e7678fd61e44a4f9ade5f3354c4ab2): Total: 0.026 seconds - Initiated by RefreshV2(NoUpdateAssetOptions)
[Worker1] Imported GUID: c9864c1402ab58f4fa07d6f3b7db2188 - Path: Assets/Scripts/MovimentoPersonagem.cs - Importer: PreviewImporter -> (ImportResultId: '6df9bdb1976bf06ebfbefe44bbaca4b4') in 0.0215494 seconds
Asset Pipeline Refresh (id=4c5e2fa273369334b914e374f6740d16): Total: 0.022 seconds - Initiated by RefreshV2(NoUpdateAssetOptions)
Asset Pipeline Refresh (id=eed250870e4a43c4bbfdee1390ae8187): Total: 0.020 seconds - Initiated by RefreshV2(NoUpdateAssetOptions)
Asset Pipeline Refresh (id=10ff3385d0a0f8c438b44ac9ff10997b): Total: 0.023 seconds - Initiated by RefreshV2(NoUpdateAssetOptions)
# C# Debugger Attached

You are trying to attach a debugger, but Debug Mode is switched off in your project.

When Unity is in Debug Mode, C# performance is reduced, but you can attach a debugger. Switching to Debug Mode also recompiles and reloads all scripts.

You can enable Debug Mode temporarily for this Editor session, switch it on for all projects until further notice, or cancel attaching the debugger.

If you switch it on for all projects, you can change it later in the "Code Optimization on Startup" setting in the Preferences window.

| Enable debugging for this session | Enable debugging for all projects | Cancel |
[ScriptCompilation] Requested script compilation because: Recompiling scripts with debug information.
[Licensing::Client] Successfully resolved entitlement details
Starting: C:\Program Files\Unity\Hub\Editor\6000.6.2f1\Editor\Data\Tools\BuildPipeline\bee_backend.exe --ipc --defer-dag-verification --dagfile="Library/Bee/1900b0aEDbg.dag" --continue-on-failure --profile="Library/Bee/backend1.traceevents" ScriptAssemblies
WorkingDir: C:/Users/nicole57193517/Prototipo
Unloading 0 Unused Serialized files (Serialized files now loaded: 0)
Loaded scene 'Temp/__Backupscenes/0.backup'
	Deserialize:            1.037 ms
	Integration:            43.909 ms
	Integration of assets:  0.002 ms
	Thread Wait Time:       0.015 ms
	Total Operation Time:   44.963 ms
Unloading 4063 unused Assets / (18.2 MB). Loaded Objects now: 6101.
Memory consumption went from 0.55 GB to 0.54 GB.
Total: 41.476000 ms (FindLiveObjects: 1.520700 ms CreateObjectMapping: 0.407100 ms MarkObjects: 26.979500 ms  DeleteObjects: 12.350400 ms)

[Licensing::Client] Successfully resolved entitlement details
ExitCode: 0 Duration: 6s40ms
[453/564    0s] CopyFiles Library/ScriptAssemblies/Unity.VisualStudio.Editor.pdb
[454/564    0s] CopyFiles Library/ScriptAssemblies/Unity.Rider.Editor.pdb
[455/564    0s] ILPP-Configuration Library/ilpp-configuration.nevergeneratedoutput
[490/564    0s] CopyFiles Library/ScriptAssemblies/UnityEditor.TestRunner.pdb
[491/564    0s] CopyFiles Library/ScriptAssemblies/Unity.PlasticSCM.Editor.Assistant.pdb
[492/564    0s] CopyFiles Library/ScriptAssemblies/UnityEditor.UI.pdb
[493/564    0s] CopyFiles Library/ScriptAssemblies/Unity.PlasticSCM.Editor.Entities.pdb
[494/564    0s] CopyFiles Library/ScriptAssemblies/Unity.VisualScripting.State.Editor.pdb
[495/564    0s] CopyFiles Library/ScriptAssemblies/Unity.Performance.Profile-Analyzer.Editor.pdb
[496/564    0s] CopyFiles Library/ScriptAssemblies/Unity.TestTools.CodeCoverage.Editor.OpenCover.Mono.Reflection.pdb
[497/564    0s] CopyFiles Library/ScriptAssemblies/Unity.InputSystem.ForUI.Editor.pdb
[498/564    2s] CopyFiles Library/ScriptAssemblies/Unity.Settings.Editor.dll
[499/564    2s] CopyFiles Library/ScriptAssemblies/Unity.Timeline.dll
[500/564    2s] CopyFiles Library/ScriptAssemblies/Unity.InternalAPIEngineBridge.004.pdb
[501/564    2s] CopyFiles Library/ScriptAssemblies/Unity.PlasticSCM.Editor.Entities.dll
[502/564    2s] CopyFiles Library/ScriptAssemblies/UnityEngine.TestRunner.dll
[503/564    2s] CopyFiles Library/ScriptAssemblies/Unity.TestTools.CodeCoverage.Editor.pdb
[504/564    2s] CopyFiles Library/ScriptAssemblies/Unity.TestTools.CodeCoverage.Editor.OpenCover.Model.pdb
[505/564    2s] CopyFiles Library/ScriptAssemblies/Unity.Timeline.Editor.pdb
[506/564    2s] CopyFiles Library/ScriptAssemblies/Unity.TextMeshPro.Editor.dll
[507/564    2s] CopyFiles Library/ScriptAssemblies/Unity.TestTools.CodeCoverage.Editor.OpenCover.Mono.Reflection.dll
[508/564    2s] CopyFiles Library/ScriptAssemblies/Unity.TestTools.CodeCoverage.Editor.dll
[509/564    2s] CopyFiles Library/ScriptAssemblies/Unity.VisualScripting.Flow.dll
[510/564    2s] CopyFiles Library/ScriptAssemblies/Unity.TextMeshPro.dll
[511/564    2s] CopyFiles Library/ScriptAssemblies/UnityEngine.UI.dll
[512/564    2s] CopyFiles Library/ScriptAssemblies/Unity.VisualScripting.Core.dll
[513/564    2s] CopyFiles Library/ScriptAssemblies/Unity.Timeline.Editor.dll
[514/564    2s] CopyFiles Library/ScriptAssemblies/Unity.InputSystem.dll
[515/564    0s] CopyFiles Library/ScriptAssemblies/Unity.PlasticSCM.Editor.Assistant.dll
[516/564    0s] CopyFiles Library/ScriptAssemblies/Unity.TextMeshPro.Editor.pdb
[517/564    0s] CopyFiles Library/ScriptAssemblies/Unity.VisualScripting.Flow.Editor.pdb
[518/564    0s] CopyFiles Library/ScriptAssemblies/Unity.VisualScripting.Core.Editor.pdb
[519/564    0s] CopyFiles Library/ScriptAssemblies/Unity.Settings.Editor.pdb
[520/564    0s] CopyFiles Library/ScriptAssemblies/Unity.VisualScripting.DocCodeExamples.pdb
[521/564    2s] CopyFiles Library/ScriptAssemblies/Unity.InputSystem.ForUI.dll
[522/564    0s] CopyFiles Library/ScriptAssemblies/Unity.InputSystem.ForUI.pdb
[523/564    2s] CopyFiles Library/ScriptAssemblies/Unity.TestTools.CodeCoverage.Editor.OpenCover.Model.dll
[524/564    2s] CopyFiles Library/ScriptAssemblies/Unity.InternalAPIEngineBridge.004.dll
[525/564    0s] CopyFiles Library/ScriptAssemblies/Unity.EditorCoroutines.Editor.pdb
[526/564    0s] CopyFiles Library/ScriptAssemblies/Unity.VisualScripting.Shared.Editor.pdb
[527/564    2s] CopyFiles Library/ScriptAssemblies/Unity.VisualScripting.State.dll
[528/564    0s] CopyFiles Library/ScriptAssemblies/Unity.EditorCoroutines.Editor.dll
[529/564    2s] CopyFiles Library/ScriptAssemblies/Unity.Performance.Profile-Analyzer.Editor.dll
[530/564    2s] CopyFiles Library/ScriptAssemblies/Unity.VisualScripting.DocCodeExamples.dll
[531/564    0s] CopyFiles Library/ScriptAssemblies/Unity.VisualScripting.Shared.Editor.dll
[532/564    2s] CopyFiles Library/ScriptAssemblies/Unity.InputSystem.TestFramework.dll
[533/564    0s] CopyFiles Library/ScriptAssemblies/Unity.PlasticSCM.Editor.pdb
[534/564    0s] CopyFiles Library/ScriptAssemblies/Unity.Timeline.pdb
[535/564    2s] CopyFiles Library/ScriptAssemblies/Unity.InputSystem.ForUI.Editor.dll
[536/564    0s] CopyFiles Library/ScriptAssemblies/UnityEditor.UI.Analytics.dll
[537/564    0s] CopyFiles Library/ScriptAssemblies/Unity.InputSystem.DocCodeSamples.dll
[538/564    0s] CopyFiles Library/ScriptAssemblies/UnityEditor.UI.dll
[539/564    0s] CopyFiles Library/ScriptAssemblies/Unity.CollabProxy.Editor.pdb
[540/564    0s] CopyFiles Library/ScriptAssemblies/Unity.InputSystem.pdb
[541/564    0s] CopyFiles Library/ScriptAssemblies/Unity.TextMeshPro.pdb
[542/564    0s] CopyFiles Library/ScriptAssemblies/UnityEngine.TestRunner.pdb
[543/564    0s] CopyFiles Library/ScriptAssemblies/Unity.VisualScripting.State.Editor.dll
[544/564    0s] CopyFiles Library/ScriptAssemblies/UnityEditor.UI.Analytics.pdb
[545/564    0s] CopyFiles Library/ScriptAssemblies/Unity.InputSystem.DocCodeSamples.pdb
[546/564    0s] CopyFiles Library/ScriptAssemblies/Unity.InputSystem.TestFramework.pdb
[547/564    0s] CopyFiles Library/ScriptAssemblies/Unity.VisualScripting.Core.pdb
[548/564    0s] CopyFiles Library/ScriptAssemblies/Unity.CollabProxy.Editor.dll
[549/564    0s] CopyFiles Library/ScriptAssemblies/Unity.VisualScripting.SettingsProvider.Editor.pdb
[550/564    0s] CopyFiles Library/ScriptAssemblies/UnityEngine.UI.pdb
[551/564    2s] CopyFiles Library/ScriptAssemblies/Unity.Rider.Editor.dll
[552/564    0s] CopyFiles Library/ScriptAssemblies/Unity.VisualScripting.State.pdb
[553/564    0s] CopyFiles Library/ScriptAssemblies/Unity.VisualScripting.SettingsProvider.Editor.dll
[554/564    0s] CopyFiles Library/ScriptAssemblies/Unity.VisualScripting.Flow.pdb
[555/564    0s] CopyFiles Library/ScriptAssemblies/Unity.VisualScripting.Flow.Editor.dll
[556/564    0s] CopyFiles Library/ScriptAssemblies/UnityEditor.TestRunner.dll
[557/564    0s] CopyFiles Library/ScriptAssemblies/Unity.VisualScripting.Core.Editor.dll
[558/564    0s] CopyFiles Library/ScriptAssemblies/Unity.PlasticSCM.Editor.dll
[559/564    2s] CopyFiles Library/ScriptAssemblies/Unity.VisualStudio.Editor.dll
[560/564    4s] Csc Library/Bee/artifacts/1900b0aEDbg.dag/Assembly-CSharp.dll (+2 others)
[561/564    0s] ILPostProcess Library/Bee/artifacts/1900b0aEDbg.dag/post-processed/Assembly-CSharp.dll (+pdb)
Processing assembly Library/Bee/artifacts/1900b0aEDbg.dag/Assembly-CSharp.dll, with 149 defines and 318 references

processors: zzzUnity.Burst.CodeGen.BurstILPostProcessor

1 processor(s) skipped this assembly
[562/564    0s] CopyFiles Library/ScriptAssemblies/Assembly-CSharp.pdb
[563/564    0s] CopyFiles Library/ScriptAssemblies/Assembly-CSharp.dll
*** Tundra build success (5.93 seconds), 77 items updated, 564 evaluated
Reloading assemblies for play mode.
Reloading assemblies after forced synchronous recompile.
Begin MonoManager ReloadAssembly
Total cache size 166573596
Total cache size after purge 166573596, took 00:00:00.2855465
Refreshing native plugins compatible for Editor in 3.78 ms, found 4 plugins.
Refreshing native plugins compatible for Editor in 4.32 ms, found 4 plugins.
Native extension for WindowsStandalone target not found
ScheduleIndexationOnStartup MainProcess:True IndexOnStartup:True
[MODES] ModeService[none].Initialize
[MODES] ModeService[none].LoadModes
Scripting: successfully reloaded assembly
- Finished resetting the current domain, in  2.127 seconds
Domain Reload Profiling: 4296ms
	BeginReloadAssembly (1420ms)
		DisableScriptedObjects (144ms)
		CreateAndSetChildDomain (500ms)
	RebuildCommonClasses (7ms)
	RebuildNativeTypeToScriptingClass (11ms)
	initialDomainReloadingComplete (124ms)
	LoadAllAssembliesAndSetupDomain (606ms)
		LoadAssemblies (755ms)
		TypeCache.Refresh (90ms)
			TypeCache.ScanAssembly (77ms)
		AnalyzeDomain (187ms)
			BuildScriptInfoCaches (174ms)
			ResolveRequiredComponents (10ms)
	FinalizeReload (2128ms)
		SetupLoadedEditorAssemblies (0ms)
			BeforeProcessingInitializeOnLoad (91ms)
			ProcessInitializeOnLoadAttributes (312ms)
			ProcessInitializeOnLoadMethodAttributes (31ms)
			AfterProcessingInitializeOnLoad (5ms)
		AwakeInstancesAfterBackupRestoration (730ms)

Asset Pipeline Refresh (id=b59a033dcfa776741891d320b02252e7): Total: 4.535 seconds - Initiated by StopAssetImportingV2(ForceSynchronousImport | ForceDomainReload)
	(Values over 0.05ms)
	Summary:
		Imports: total=0 (actual=0, local cache=0, cache server=0)
		Asset DB Process Time: managed=0 ms, native=2218 ms
		Asset DB Callback time: managed=15 ms, native=7 ms
		Scripting: domain reloads=1, domain reload time=2281 ms, compile time=12 ms, other=0 ms
		Project Asset Count: scripts=835, non-scripts=930
		Asset File Changes: new=0, changed=0, moved=0, deleted=0
		Scan Filter Count: 0
	InvokePackagesCallback: 11.830ms
	ApplyChangesToAssetFolders: 0.169ms
	Collect global state as custom dependencies: 2.752ms
	ProcessAssetsWithTransientArtifactChanges: 1.459ms
	CategorizeAssets: 9.507ms
	CompileScripts: 11.561ms
	ImportOutOfDateAssets: 2139.558ms (2138.581ms without children)
		UnloadImportedAssets: 0.466ms
		EnsureUptoDateAssetsAreRegisteredWithGuidPM: 0.200ms
		ImportSchedulerStart: 0.281ms
	PostProcessAllAssets: 15.811ms
		MonoPostProcessAllAssets: 15.807ms
			AssetChangedListener.OnPostprocessAllAssets 7.903ms
			WindowAssetPostprocessingWatcher.OnPostprocessAllAssets 4.514ms
			SyncVS.PostprocessSyncProject 2.264ms
			ConfigAssetsTracker.OnPostprocessAllAssets 2.201ms
			SpeedTree9Postprocessor.OnPostprocessAllAssets 0.527ms
			ProjectSettingsPostprocessor.OnPostprocessAllAssets 0.409ms
			EditModeScopePostprocessor.OnPostprocessAllAssets 0.264ms
			AssetPostprocessor.OnPostprocessAllAssets 0.258ms
			InputActionAssetPostprocessor.OnPostprocessAllAssets 0.216ms
			AssetDatabaseCallbacks.OnPostprocessAllAssets 0.136ms
			ReferencedClipsPostProcessor.OnPostprocessAllAssets 0.123ms
			TerrainToolbarOverlayPostProcessor.OnPostprocessAllAssets 0.122ms
			TMPro_TexturePostProcessor.OnPostprocessAllAssets 0.098ms
			RenderPipelineGlobalSettingsPostprocessor.OnPostprocessAllAssets 0.060ms
	GatherAllCurrentPrimaryImportResultRevisions: 0.158ms
	GenerateScriptTypeHashes: 0.522ms
	GenerateScriptTypeSerializationHashes: 1.050ms
	Untracked: 2310.250ms

Loaded scene 'Temp/__Backupscenes/0.backup'
	Deserialize:            2.230 ms
	Integration:            333.006 ms
	Integration of assets:  0.003 ms
	Thread Wait Time:       0.008 ms
	Total Operation Time:   335.247 ms
[Licensing::Client] Successfully resolved entitlement details
[Licensing::Client] Successfully resolved entitlement details
Unloading 1 Unused Serialized files (Serialized files now loaded: 0)
Loaded scene 'Temp/__Backupscenes/0.backup'
	Deserialize:            0.608 ms
	Integration:            10.476 ms
	Integration of assets:  0.001 ms
	Thread Wait Time:       0.008 ms
	Total Operation Time:   11.094 ms
Unloading 14 unused Assets / (427.4 KB). Loaded Objects now: 6099.
Memory consumption went from 0.56 GB to 0.56 GB.
Total: 12.913400 ms (FindLiveObjects: 0.477700 ms CreateObjectMapping: 0.077900 ms MarkObjects: 12.165400 ms  DeleteObjects: 0.028300 ms)

Reloading assemblies for play mode.
Reloading assemblies after forced synchronous recompile.
Begin MonoManager ReloadAssembly
Refreshing native plugins compatible for Editor in 3.17 ms, found 4 plugins.
Native extension for WindowsStandalone target not found
ScheduleIndexationOnStartup MainProcess:True IndexOnStartup:True
[MODES] ModeService[none].Initialize
[MODES] ModeService[none].LoadModes
Scripting: successfully reloaded assembly
- Finished resetting the current domain, in  1.414 seconds
Domain Reload Profiling: 3025ms
	BeginReloadAssembly (1153ms)
		DisableScriptedObjects (118ms)
		CreateAndSetChildDomain (421ms)
	RebuildCommonClasses (7ms)
	RebuildNativeTypeToScriptingClass (11ms)
	initialDomainReloadingComplete (97ms)
	LoadAllAssembliesAndSetupDomain (342ms)
		LoadAssemblies (606ms)
		TypeCache.Refresh (6ms)
		AnalyzeDomain (4ms)
			ResolveRequiredComponents (3ms)
	FinalizeReload (1415ms)
		SetupLoadedEditorAssemblies (0ms)
			BeforeProcessingInitializeOnLoad (87ms)
			ProcessInitializeOnLoadAttributes (297ms)
			ProcessInitializeOnLoadMethodAttributes (34ms)
			AfterProcessingInitializeOnLoad (6ms)
		AwakeInstancesAfterBackupRestoration (612ms)

Asset Pipeline Refresh (id=c553b63ee9c07694f8fc71fa51e67cc8): Total: 3.218 seconds - Initiated by StopAssetImportingV2(ForceSynchronousImport | ForceDomainReload)
	(Values over 0.05ms)
	Summary:
		Imports: total=0 (actual=0, local cache=0, cache server=0)
		Asset DB Process Time: managed=0 ms, native=1505 ms
		Asset DB Callback time: managed=15 ms, native=0 ms
		Scripting: domain reloads=1, domain reload time=1688 ms, compile time=8 ms, other=0 ms
		Project Asset Count: scripts=835, non-scripts=930
		Asset File Changes: new=0, changed=0, moved=0, deleted=0
		Scan Filter Count: 0
	InvokePackagesCallback: 5.770ms
	ApplyChangesToAssetFolders: 0.155ms
	Collect global state as custom dependencies: 2.621ms
	ProcessAssetsWithTransientArtifactChanges: 0.080ms
	CategorizeAssets: 7.770ms
	CompileScripts: 7.781ms
	ImportOutOfDateAssets: 1423.690ms (1422.817ms without children)
		UnloadImportedAssets: 0.431ms
		EnsureUptoDateAssetsAreRegisteredWithGuidPM: 0.193ms
		ImportSchedulerStart: 0.243ms
	PostProcessAllAssets: 15.644ms
		MonoPostProcessAllAssets: 15.640ms
			AssetChangedListener.OnPostprocessAllAssets 7.903ms
			WindowAssetPostprocessingWatcher.OnPostprocessAllAssets 4.482ms
			SyncVS.PostprocessSyncProject 2.410ms
			ConfigAssetsTracker.OnPostprocessAllAssets 2.201ms
			SpeedTree9Postprocessor.OnPostprocessAllAssets 0.552ms
			ProjectSettingsPostprocessor.OnPostprocessAllAssets 0.452ms
			AssetPostprocessor.OnPostprocessAllAssets 0.258ms
			EditModeScopePostprocessor.OnPostprocessAllAssets 0.252ms
			InputActionAssetPostprocessor.OnPostprocessAllAssets 0.227ms
			AssetDatabaseCallbacks.OnPostprocessAllAssets 0.148ms
			TerrainToolbarOverlayPostProcessor.OnPostprocessAllAssets 0.128ms
			ReferencedClipsPostProcessor.OnPostprocessAllAssets 0.121ms
			TMPro_TexturePostProcessor.OnPostprocessAllAssets 0.098ms
			RenderPipelineGlobalSettingsPostprocessor.OnPostprocessAllAssets 0.058ms
	GatherAllCurrentPrimaryImportResultRevisions: 0.126ms
	UnloadStreamsBegin: 1.091ms
	GenerateScriptTypeHashes: 0.456ms
	GenerateScriptTypeSerializationHashes: 0.983ms
	Untracked: 1716.145ms

Loaded scene 'Temp/__Backupscenes/0.backup'
	Deserialize:            0.656 ms
	Integration:            234.229 ms
	Integration of assets:  0.001 ms
	Thread Wait Time:       0.011 ms
	Total Operation Time:   234.897 ms
[Licensing::Client] Successfully resolved entitlement details
[Licensing::Client] Successfully resolved entitlement details
Unloading 1 Unused Serialized files (Serialized files now loaded: 0)
Loaded scene 'Temp/__Backupscenes/0.backup'
	Deserialize:            0.570 ms
	Integration:            11.314 ms
	Integration of assets:  0.001 ms
	Thread Wait Time:       0.009 ms
	Total Operation Time:   11.894 ms
Unloading 17 unused Assets / (29.5 MB). Loaded Objects now: 6149.
Memory consumption went from 0.60 GB to 0.57 GB.
Total: 13.666600 ms (FindLiveObjects: 0.323000 ms CreateObjectMapping: 0.082900 ms MarkObjects: 12.581800 ms  DeleteObjects: 0.503100 ms)

[Licensing::Client] Successfully resolved entitlement details
Asset Pipeline Refresh (id=417f4f4094d712441b18535efdc21dc8): Total: 0.029 seconds - Initiated by RefreshV2(AllowForceSynchronousImport)
Reloading assemblies for play mode.
Reloading assemblies after forced synchronous recompile.
Begin MonoManager ReloadAssembly
Refreshing native plugins compatible for Editor in 3.59 ms, found 4 plugins.
Native extension for WindowsStandalone target not found
ScheduleIndexationOnStartup MainProcess:True IndexOnStartup:True
[MODES] ModeService[none].Initialize
[MODES] ModeService[none].LoadModes
Scripting: successfully reloaded assembly
- Finished resetting the current domain, in  1.426 seconds
Domain Reload Profiling: 3042ms
	BeginReloadAssembly (1185ms)
		DisableScriptedObjects (135ms)
		CreateAndSetChildDomain (435ms)
	RebuildCommonClasses (8ms)
	RebuildNativeTypeToScriptingClass (11ms)
	initialDomainReloadingComplete (95ms)
	LoadAllAssembliesAndSetupDomain (316ms)
		LoadAssemblies (611ms)
		TypeCache.Refresh (6ms)
		AnalyzeDomain (4ms)
			ResolveRequiredComponents (3ms)
	FinalizeReload (1427ms)
		SetupLoadedEditorAssemblies (0ms)
			BeforeProcessingInitializeOnLoad (85ms)
			ProcessInitializeOnLoadAttributes (293ms)
			ProcessInitializeOnLoadMethodAttributes (35ms)
			AfterProcessingInitializeOnLoad (6ms)
		AwakeInstancesAfterBackupRestoration (609ms)

Asset Pipeline Refresh (id=cbd7800928988724dbc0235919afb09e): Total: 3.222 seconds - Initiated by StopAssetImportingV2(ForceSynchronousImport | ForceDomainReload)
	(Values over 0.05ms)
	Summary:
		Imports: total=0 (actual=0, local cache=0, cache server=0)
		Asset DB Process Time: managed=0 ms, native=1497 ms
		Asset DB Callback time: managed=15 ms, native=0 ms
		Scripting: domain reloads=1, domain reload time=1701 ms, compile time=8 ms, other=0 ms
		Project Asset Count: scripts=835, non-scripts=930
		Asset File Changes: new=0, changed=0, moved=0, deleted=0
		Scan Filter Count: 0
	InvokePackagesCallback: 5.115ms
	ApplyChangesToAssetFolders: 0.164ms
	Collect global state as custom dependencies: 2.747ms
	ProcessAssetsWithTransientArtifactChanges: 0.125ms
	CategorizeAssets: 8.116ms
	CompileScripts: 7.617ms
	ImportOutOfDateAssets: 1437.222ms (1436.303ms without children)
		UnloadImportedAssets: 0.442ms
		EnsureUptoDateAssetsAreRegisteredWithGuidPM: 0.191ms
		ImportSchedulerStart: 0.280ms
	PostProcessAllAssets: 15.291ms
		MonoPostProcessAllAssets: 15.288ms
			AssetChangedListener.OnPostprocessAllAssets 7.903ms
			WindowAssetPostprocessingWatcher.OnPostprocessAllAssets 4.286ms
			SyncVS.PostprocessSyncProject 2.340ms
			ConfigAssetsTracker.OnPostprocessAllAssets 2.201ms
			SpeedTree9Postprocessor.OnPostprocessAllAssets 0.533ms
			ProjectSettingsPostprocessor.OnPostprocessAllAssets 0.392ms
			TerrainToolbarOverlayPostProcessor.OnPostprocessAllAssets 0.263ms
			AssetPostprocessor.OnPostprocessAllAssets 0.258ms
			EditModeScopePostprocessor.OnPostprocessAllAssets 0.232ms
			InputActionAssetPostprocessor.OnPostprocessAllAssets 0.228ms
			AssetDatabaseCallbacks.OnPostprocessAllAssets 0.136ms
			ReferencedClipsPostProcessor.OnPostprocessAllAssets 0.121ms
			TMPro_TexturePostProcessor.OnPostprocessAllAssets 0.098ms
			RenderPipelineGlobalSettingsPostprocessor.OnPostprocessAllAssets 0.060ms
	GatherAllCurrentPrimaryImportResultRevisions: 0.067ms
	UnloadStreamsBegin: 1.059ms
	GenerateScriptTypeHashes: 0.464ms
	GenerateScriptTypeSerializationHashes: 1.004ms
	Untracked: 1724.850ms

Loaded scene 'Temp/__Backupscenes/0.backup'
	Deserialize:            0.633 ms
	Integration:            237.363 ms
	Integration of assets:  0.001 ms
	Thread Wait Time:       0.011 ms
	Total Operation Time:   238.009 ms
[Licensing::Client] Successfully resolved entitlement details
[Licensing::Client] Successfully resolved entitlement details
Unloading 1 Unused Serialized files (Serialized files now loaded: 0)
Loaded scene 'Temp/__Backupscenes/0.backup'
	Deserialize:            0.562 ms
	Integration:            11.021 ms
	Integration of assets:  0.001 ms
	Thread Wait Time:       0.009 ms
	Total Operation Time:   11.593 ms
Unloading 17 unused Assets / (29.5 MB). Loaded Objects now: 6154.
Memory consumption went from 0.60 GB to 0.57 GB.
Total: 13.534900 ms (FindLiveObjects: 0.354000 ms CreateObjectMapping: 0.091900 ms MarkObjects: 12.375400 ms  DeleteObjects: 0.538600 ms)

Reloading assemblies for play mode.
Reloading assemblies after forced synchronous recompile.
[Licensing::Client] Successfully resolved entitlement details
Begin MonoManager ReloadAssembly
Refreshing native plugins compatible for Editor in 3.76 ms, found 4 plugins.
Native extension for WindowsStandalone target not found
ScheduleIndexationOnStartup MainProcess:True IndexOnStartup:True
[MODES] ModeService[none].Initialize
[MODES] ModeService[none].LoadModes
Scripting: successfully reloaded assembly
- Finished resetting the current domain, in  1.463 seconds
Domain Reload Profiling: 3129ms
	BeginReloadAssembly (1253ms)
		DisableScriptedObjects (142ms)
		CreateAndSetChildDomain (471ms)
	RebuildCommonClasses (8ms)
	RebuildNativeTypeToScriptingClass (12ms)
	initialDomainReloadingComplete (101ms)
	LoadAllAssembliesAndSetupDomain (291ms)
		LoadAssemblies (641ms)
		TypeCache.Refresh (6ms)
		AnalyzeDomain (5ms)
			ResolveRequiredComponents (3ms)
	FinalizeReload (1464ms)
		SetupLoadedEditorAssemblies (0ms)
			BeforeProcessingInitializeOnLoad (89ms)
			ProcessInitializeOnLoadAttributes (308ms)
			ProcessInitializeOnLoadMethodAttributes (33ms)
			AfterProcessingInitializeOnLoad (6ms)
		AwakeInstancesAfterBackupRestoration (633ms)

Asset Pipeline Refresh (id=71dec57bf688c7643bb9a21652418ce2): Total: 3.361 seconds - Initiated by StopAssetImportingV2(ForceSynchronousImport | ForceDomainReload)
	(Values over 0.05ms)
	Summary:
		Imports: total=0 (actual=0, local cache=0, cache server=0)
		Asset DB Process Time: managed=0 ms, native=1545 ms
		Asset DB Callback time: managed=16 ms, native=0 ms
		Scripting: domain reloads=1, domain reload time=1791 ms, compile time=7 ms, other=0 ms
		Project Asset Count: scripts=835, non-scripts=930
		Asset File Changes: new=0, changed=0, moved=0, deleted=0
		Scan Filter Count: 0
	InvokePackagesCallback: 5.139ms
	ApplyChangesToAssetFolders: 0.167ms
	Collect global state as custom dependencies: 2.924ms
	ProcessAssetsWithTransientArtifactChanges: 0.090ms
	CategorizeAssets: 8.236ms
	CompileScripts: 6.691ms
	ImportOutOfDateAssets: 1474.652ms (1473.607ms without children)
		UnloadImportedAssets: 0.521ms
		EnsureUptoDateAssetsAreRegisteredWithGuidPM: 0.210ms
		ImportSchedulerStart: 0.307ms
	PostProcessAllAssets: 16.210ms
		MonoPostProcessAllAssets: 16.207ms
			AssetChangedListener.OnPostprocessAllAssets 7.903ms
			WindowAssetPostprocessingWatcher.OnPostprocessAllAssets 5.265ms
			SyncVS.PostprocessSyncProject 2.331ms
			ConfigAssetsTracker.OnPostprocessAllAssets 2.201ms
			SpeedTree9Postprocessor.OnPostprocessAllAssets 0.569ms
			ProjectSettingsPostprocessor.OnPostprocessAllAssets 0.394ms
			AssetPostprocessor.OnPostprocessAllAssets 0.258ms
			InputActionAssetPostprocessor.OnPostprocessAllAssets 0.243ms
			EditModeScopePostprocessor.OnPostprocessAllAssets 0.234ms
			AssetDatabaseCallbacks.OnPostprocessAllAssets 0.138ms
			TerrainToolbarOverlayPostProcessor.OnPostprocessAllAssets 0.126ms
			ReferencedClipsPostProcessor.OnPostprocessAllAssets 0.119ms
			TMPro_TexturePostProcessor.OnPostprocessAllAssets 0.098ms
			RenderPipelineGlobalSettingsPostprocessor.OnPostprocessAllAssets 0.052ms
	GatherAllCurrentPrimaryImportResultRevisions: 0.083ms
	UnloadStreamsBegin: 0.058ms
	GenerateScriptTypeHashes: 0.473ms
	GenerateScriptTypeSerializationHashes: 1.013ms
	Untracked: 1820.423ms

Loaded scene 'Temp/__Backupscenes/0.backup'
	Deserialize:            0.654 ms
	Integration:            237.206 ms
	Integration of assets:  0.001 ms
	Thread Wait Time:       0.012 ms
	Total Operation Time:   237.873 ms
[Licensing::Client] Successfully resolved entitlement details
[Licensing::Client] Successfully resolved entitlement details
Unloading 1 Unused Serialized files (Serialized files now loaded: 0)
Loaded scene 'Temp/__Backupscenes/0.backup'
	Deserialize:            0.623 ms
	Integration:            11.247 ms
	Integration of assets:  0.001 ms
	Thread Wait Time:       0.010 ms
	Total Operation Time:   11.882 ms
Unloading 17 unused Assets / (29.5 MB). Loaded Objects now: 6178.
Memory consumption went from 0.61 GB to 0.58 GB.
Total: 13.990700 ms (FindLiveObjects: 0.328000 ms CreateObjectMapping: 0.083700 ms MarkObjects: 12.858400 ms  DeleteObjects: 0.550700 ms)

[Licensing::Client] Successfully resolved entitlement details
Asset Pipeline Refresh (id=449fc5b95f4efcf41a4d6be728b39fa7): Total: 0.029 seconds - Initiated by RefreshV2(AllowForceSynchronousImport)
Asset Pipeline Refresh (id=ccb7140d1effec746a3ebd61c49f1c9f): Total: 0.009 seconds - Initiated by RefreshV2(AllowForceSynchronousImport)
Asset Pipeline Refresh (id=253bdac573fc7b24fb8239aa7b7e7f77): Total: 0.012 seconds - Initiated by RefreshV2(AllowForceSynchronousImport)
Reloading assemblies for play mode.
Reloading assemblies after forced synchronous recompile.
[Licensing::Client] Successfully resolved entitlement details
Begin MonoManager ReloadAssembly
Refreshing native plugins compatible for Editor in 3.51 ms, found 4 plugins.
Native extension for WindowsStandalone target not found
ScheduleIndexationOnStartup MainProcess:True IndexOnStartup:True
[MODES] ModeService[none].Initialize
[MODES] ModeService[none].LoadModes
Scripting: successfully reloaded assembly
- Finished resetting the current domain, in  1.509 seconds
Domain Reload Profiling: 3476ms
	BeginReloadAssembly (1453ms)
		DisableScriptedObjects (151ms)
		CreateAndSetChildDomain (513ms)
	RebuildCommonClasses (8ms)
	RebuildNativeTypeToScriptingClass (11ms)
	initialDomainReloadingComplete (102ms)
	LoadAllAssembliesAndSetupDomain (393ms)
		LoadAssemblies (757ms)
		TypeCache.Refresh (8ms)
		AnalyzeDomain (9ms)
			ResolveRequiredComponents (7ms)
	FinalizeReload (1510ms)
		SetupLoadedEditorAssemblies (0ms)
			BeforeProcessingInitializeOnLoad (100ms)
			ProcessInitializeOnLoadAttributes (303ms)
			ProcessInitializeOnLoadMethodAttributes (36ms)
			AfterProcessingInitializeOnLoad (7ms)
		AwakeInstancesAfterBackupRestoration (665ms)

Asset Pipeline Refresh (id=3672f9ca5a1c52f40b73a1eff8fd018a): Total: 3.707 seconds - Initiated by StopAssetImportingV2(ForceSynchronousImport | ForceDomainReload)
	(Values over 0.05ms)
	Summary:
		Imports: total=0 (actual=0, local cache=0, cache server=0)
		Asset DB Process Time: managed=0 ms, native=1581 ms
		Asset DB Callback time: managed=16 ms, native=1 ms
		Scripting: domain reloads=1, domain reload time=2095 ms, compile time=12 ms, other=0 ms
		Project Asset Count: scripts=835, non-scripts=930
		Asset File Changes: new=0, changed=0, moved=0, deleted=0
		Scan Filter Count: 0
	InvokePackagesCallback: 5.354ms
	ApplyChangesToAssetFolders: 0.187ms
	Collect global state as custom dependencies: 3.605ms
	ProcessAssetsWithTransientArtifactChanges: 0.092ms
	CategorizeAssets: 7.976ms
	CompileScripts: 11.561ms
	ImportOutOfDateAssets: 1520.807ms (1519.802ms without children)
		UnloadImportedAssets: 0.512ms
		EnsureUptoDateAssetsAreRegisteredWithGuidPM: 0.215ms
		ImportSchedulerStart: 0.271ms
	PostProcessAllAssets: 16.333ms
		MonoPostProcessAllAssets: 16.330ms
			AssetChangedListener.OnPostprocessAllAssets 7.903ms
			WindowAssetPostprocessingWatcher.OnPostprocessAllAssets 4.952ms
			SyncVS.PostprocessSyncProject 2.433ms
			ConfigAssetsTracker.OnPostprocessAllAssets 2.201ms
			SpeedTree9Postprocessor.OnPostprocessAllAssets 0.532ms
			ProjectSettingsPostprocessor.OnPostprocessAllAssets 0.390ms
			EditModeScopePostprocessor.OnPostprocessAllAssets 0.264ms
			AssetPostprocessor.OnPostprocessAllAssets 0.258ms
			InputActionAssetPostprocessor.OnPostprocessAllAssets 0.235ms
			TerrainToolbarOverlayPostProcessor.OnPostprocessAllAssets 0.132ms
			AssetDatabaseCallbacks.OnPostprocessAllAssets 0.129ms
			ReferencedClipsPostProcessor.OnPostprocessAllAssets 0.119ms
			TMPro_TexturePostProcessor.OnPostprocessAllAssets 0.098ms
			RenderPipelineGlobalSettingsPostprocessor.OnPostprocessAllAssets 0.053ms
	GatherAllCurrentPrimaryImportResultRevisions: 0.089ms
	UnloadStreamsBegin: 1.400ms
	GenerateScriptTypeHashes: 0.480ms
	GenerateScriptTypeSerializationHashes: 1.028ms
	Untracked: 2120.270ms

Loaded scene 'Temp/__Backupscenes/0.backup'
	Deserialize:            0.655 ms
	Integration:            230.288 ms
	Integration of assets:  0.001 ms
	Thread Wait Time:       0.011 ms
	Total Operation Time:   230.955 ms
[Licensing::Client] Successfully resolved entitlement details
[Licensing::Client] Successfully resolved entitlement details
Unloading 1 Unused Serialized files (Serialized files now loaded: 0)
Loaded scene 'Temp/__Backupscenes/0.backup'
	Deserialize:            0.594 ms
	Integration:            11.679 ms
	Integration of assets:  0.001 ms
	Thread Wait Time:       0.009 ms
	Total Operation Time:   12.283 ms
Unloading 17 unused Assets / (29.5 MB). Loaded Objects now: 6183.
Memory consumption went from 0.62 GB to 0.59 GB.
Total: 16.309100 ms (FindLiveObjects: 0.332200 ms CreateObjectMapping: 0.078700 ms MarkObjects: 15.107200 ms  DeleteObjects: 0.619600 ms)

[Licensing::Client] Successfully resolved entitlement details
[ScriptCompilation] Requested script compilation because: AssetDatabase observed changes in script compilation related files
Refreshing native plugins compatible for Editor in 4.05 ms, found 4 plugins.
Asset Pipeline Refresh (id=55f08a5afb3c31d49b0f07a969ca0f33): Total: 0.074 seconds - Initiated by RefreshV2(NoUpdateAssetOptions)
Starting: C:\Program Files\Unity\Hub\Editor\6000.6.2f1\Editor\Data\Tools\BuildPipeline\bee_backend.exe --ipc --defer-dag-verification --dagfile="Library/Bee/1900b0aEDbg.dag" --continue-on-failure --profile="Library/Bee/backend1.traceevents" ScriptAssemblies
WorkingDir: C:/Users/nicole57193517/Prototipo
ExitCode: 0 Duration: 1s920ms
[457/564    0s] ILPP-Configuration Library/ilpp-configuration.nevergeneratedoutput
[560/564    0s] Csc Library/Bee/artifacts/1900b0aEDbg.dag/Assembly-CSharp.dll (+2 others)
[561/564    0s] ILPostProcess Library/Bee/artifacts/1900b0aEDbg.dag/post-processed/Assembly-CSharp.dll (+pdb)
Processing assembly Library/Bee/artifacts/1900b0aEDbg.dag/Assembly-CSharp.dll, with 149 defines and 318 references

processors: zzzUnity.Burst.CodeGen.BurstILPostProcessor

1 processor(s) skipped this assembly
[562/564    0s] CopyFiles Library/ScriptAssemblies/Assembly-CSharp.pdb
[563/564    0s] CopyFiles Library/ScriptAssemblies/Assembly-CSharp.dll
*** Tundra build success (1.84 seconds), 5 items updated, 564 evaluated
Reloading assemblies after finishing script compilation.
Reloading assemblies after forced synchronous recompile.
Total cache size 166573596
Total cache size after purge 166573596, took 00:00:00.2053396
Begin MonoManager ReloadAssembly
Refreshing native plugins compatible for Editor in 4.16 ms, found 4 plugins.
Native extension for WindowsStandalone target not found
[MODES] ModeService[none].Initialize
[MODES] ModeService[none].LoadModes
ScheduleIndexationOnStartup MainProcess:True IndexOnStartup:True
Scripting: successfully reloaded assembly
- Finished resetting the current domain, in  1.521 seconds
Domain Reload Profiling: 3284ms
	BeginReloadAssembly (1187ms)
		DisableScriptedObjects (131ms)
		CreateAndSetChildDomain (524ms)
	RebuildCommonClasses (8ms)
	RebuildNativeTypeToScriptingClass (12ms)
	initialDomainReloadingComplete (106ms)
	LoadAllAssembliesAndSetupDomain (449ms)
		LoadAssemblies (501ms)
		TypeCache.Refresh (8ms)
		AnalyzeDomain (145ms)
			BuildScriptInfoCaches (131ms)
			ResolveRequiredComponents (13ms)
	FinalizeReload (1522ms)
		SetupLoadedEditorAssemblies (0ms)
			BeforeProcessingInitializeOnLoad (164ms)
			ProcessInitializeOnLoadAttributes (307ms)
			ProcessInitializeOnLoadMethodAttributes (38ms)
			AfterProcessingInitializeOnLoad (6ms)
		AwakeInstancesAfterBackupRestoration (686ms)

Asset Pipeline Refresh (id=70b31525c35b5874c921cf671db13a56): Total: 3.519 seconds - Initiated by StopAssetImportingV2(ForceSynchronousImport | ForceDomainReload)
	(Values over 0.05ms)
	Summary:
		Imports: total=0 (actual=0, local cache=0, cache server=0)
		Asset DB Process Time: managed=0 ms, native=1583 ms
		Asset DB Callback time: managed=15 ms, native=1 ms
		Scripting: domain reloads=1, domain reload time=1913 ms, compile time=5 ms, other=0 ms
		Project Asset Count: scripts=835, non-scripts=930
		Asset File Changes: new=0, changed=0, moved=0, deleted=0
		Scan Filter Count: 0
	InvokePackagesCallback: 5.405ms
	ApplyChangesToAssetFolders: 0.177ms
	Collect global state as custom dependencies: 2.602ms
	ProcessAssetsWithTransientArtifactChanges: 1.423ms
	CategorizeAssets: 7.993ms
	CompileScripts: 5.310ms
	ImportOutOfDateAssets: 1528.913ms (1527.958ms without children)
		UnloadImportedAssets: 0.490ms
		EnsureUptoDateAssetsAreRegisteredWithGuidPM: 0.191ms
		ImportSchedulerStart: 0.268ms
	PostProcessAllAssets: 15.932ms
		MonoPostProcessAllAssets: 15.929ms
			AssetChangedListener.OnPostprocessAllAssets 4.535ms
			WindowAssetPostprocessingWatcher.OnPostprocessAllAssets 4.243ms
			BuilderAssetPostprocessor.OnPostprocessAllAssets 3.364ms
			AssetPostprocessor.OnPostprocessAllAssets 2.892ms
			SyncVS.PostprocessSyncProject 2.323ms
			ConfigAssetsTracker.OnPostprocessAllAssets 1.011ms
			RetainedModeAssetPostprocessor.OnPostprocessAllAssets 0.708ms
			EditModeScopePostprocessor.OnPostprocessAllAssets 0.692ms
			SpeedTree9Postprocessor.OnPostprocessAllAssets 0.514ms
			UVCSAssetPostprocessor.OnPostprocessAllAssets 0.474ms
			TMPro_TexturePostProcessor.OnPostprocessAllAssets 0.463ms
			ArtifactBrowserPostProcessor.OnPostprocessAllAssets 0.434ms
			InputActionJsonNameModifierAssetProcessor.OnPostprocessAllAssets 0.422ms
			ProjectSettingsPostprocessor.OnPostprocessAllAssets 0.391ms
			TextAssetPostProcessor.OnPostprocessAllAssets 0.278ms
			InputActionAssetPostprocessor.OnPostprocessAllAssets 0.224ms
			AudioMixerPostprocessor.OnPostprocessAllAssets 0.223ms
			StyleCatalogPostProcessor.OnPostprocessAllAssets 0.172ms
			AssetEvents.OnPostprocessAllAssets 0.148ms
			AssetDatabaseCallbacks.OnPostprocessAllAssets 0.130ms
			SamplePostprocessor.OnPostprocessAllAssets 0.130ms
			TerrainToolbarOverlayPostProcessor.OnPostprocessAllAssets 0.123ms
			SpeedTreePostProcessor.OnPostprocessAllAssets 0.118ms
			ScenarioDriftAssetsTracker.OnPostprocessAllAssets 0.114ms
			ReferencedClipsPostProcessor.OnPostprocessAllAssets 0.110ms
			ThemePostprocessor.OnPostprocessAllAssets 0.104ms
			AssetReloadNotifier.OnPostprocessAllAssets 0.094ms
			AudioContainerPostProcessor.OnPostprocessAllAssets 0.090ms
			RenderPipelineGlobalSettingsPostprocessor.OnPostprocessAllAssets 0.053ms
	GatherAllCurrentPrimaryImportResultRevisions: 0.107ms
	GenerateScriptTypeHashes: 0.466ms
	GenerateScriptTypeSerializationHashes: 0.999ms
	Untracked: 1938.259ms

[Licensing::Client] Successfully resolved entitlement details
Asset Pipeline Refresh (id=a185fe27c5418494ab86c4784d85af6b): Total: 0.011 seconds - Initiated by RefreshV2(AllowForceSynchronousImport)
[Licensing::Client] Successfully resolved entitlement details
Reloading assemblies for play mode.
Reloading assemblies after forced synchronous recompile.
Begin MonoManager ReloadAssembly
Refreshing native plugins compatible for Editor in 3.55 ms, found 4 plugins.
Native extension for WindowsStandalone target not found
ScheduleIndexationOnStartup MainProcess:True IndexOnStartup:True
[MODES] ModeService[none].Initialize
[MODES] ModeService[none].LoadModes
Scripting: successfully reloaded assembly
- Finished resetting the current domain, in  1.505 seconds
Domain Reload Profiling: 3251ms
	BeginReloadAssembly (1220ms)
		DisableScriptedObjects (142ms)
		CreateAndSetChildDomain (516ms)
	RebuildCommonClasses (8ms)
	RebuildNativeTypeToScriptingClass (12ms)
	initialDomainReloadingComplete (100ms)
	LoadAllAssembliesAndSetupDomain (406ms)
		LoadAssemblies (555ms)
		TypeCache.Refresh (9ms)
		AnalyzeDomain (5ms)
			ResolveRequiredComponents (3ms)
	FinalizeReload (1505ms)
		SetupLoadedEditorAssemblies (0ms)
			BeforeProcessingInitializeOnLoad (88ms)
			ProcessInitializeOnLoadAttributes (298ms)
			ProcessInitializeOnLoadMethodAttributes (37ms)
			AfterProcessingInitializeOnLoad (6ms)
		AwakeInstancesAfterBackupRestoration (668ms)

Asset Pipeline Refresh (id=1e4cd785fbc2492418feddf7b594c09f): Total: 3.440 seconds - Initiated by StopAssetImportingV2(ForceSynchronousImport | ForceDomainReload)
	(Values over 0.05ms)
	Summary:
		Imports: total=0 (actual=0, local cache=0, cache server=0)
		Asset DB Process Time: managed=0 ms, native=1582 ms
		Asset DB Callback time: managed=20 ms, native=1 ms
		Scripting: domain reloads=1, domain reload time=1830 ms, compile time=5 ms, other=0 ms
		Project Asset Count: scripts=835, non-scripts=930
		Asset File Changes: new=0, changed=0, moved=0, deleted=0
		Scan Filter Count: 0
	InvokePackagesCallback: 6.084ms
	ApplyChangesToAssetFolders: 0.179ms
	Collect global state as custom dependencies: 2.658ms
	ProcessAssetsWithTransientArtifactChanges: 0.088ms
	CategorizeAssets: 8.082ms
	CompileScripts: 4.923ms
	ImportOutOfDateAssets: 1513.131ms (1510.841ms without children)
		UnloadImportedAssets: 0.451ms
		EnsureUptoDateAssetsAreRegisteredWithGuidPM: 0.207ms
		ImportSchedulerStart: 1.625ms
	PostProcessAllAssets: 20.554ms
		MonoPostProcessAllAssets: 20.550ms
			SyncVS.PostprocessSyncProject 6.578ms
			WindowAssetPostprocessingWatcher.OnPostprocessAllAssets 4.995ms
			AssetChangedListener.OnPostprocessAllAssets 4.535ms
			BuilderAssetPostprocessor.OnPostprocessAllAssets 3.364ms
			AssetPostprocessor.OnPostprocessAllAssets 2.892ms
			ConfigAssetsTracker.OnPostprocessAllAssets 1.011ms
			RetainedModeAssetPostprocessor.OnPostprocessAllAssets 0.708ms
			SpeedTree9Postprocessor.OnPostprocessAllAssets 0.533ms
			UVCSAssetPostprocessor.OnPostprocessAllAssets 0.474ms
			TMPro_TexturePostProcessor.OnPostprocessAllAssets 0.463ms
			ProjectSettingsPostprocessor.OnPostprocessAllAssets 0.444ms
			ArtifactBrowserPostProcessor.OnPostprocessAllAssets 0.434ms
			InputActionJsonNameModifierAssetProcessor.OnPostprocessAllAssets 0.422ms
			TextAssetPostProcessor.OnPostprocessAllAssets 0.278ms
			EditModeScopePostprocessor.OnPostprocessAllAssets 0.239ms
			InputActionAssetPostprocessor.OnPostprocessAllAssets 0.226ms
			AudioMixerPostprocessor.OnPostprocessAllAssets 0.223ms
			StyleCatalogPostProcessor.OnPostprocessAllAssets 0.172ms
			AssetEvents.OnPostprocessAllAssets 0.148ms
			SamplePostprocessor.OnPostprocessAllAssets 0.130ms
			AssetDatabaseCallbacks.OnPostprocessAllAssets 0.127ms
			TerrainToolbarOverlayPostProcessor.OnPostprocessAllAssets 0.123ms
			SpeedTreePostProcessor.OnPostprocessAllAssets 0.118ms
			ReferencedClipsPostProcessor.OnPostprocessAllAssets 0.117ms
			ScenarioDriftAssetsTracker.OnPostprocessAllAssets 0.114ms
			ThemePostprocessor.OnPostprocessAllAssets 0.104ms
			AssetReloadNotifier.OnPostprocessAllAssets 0.094ms
			AudioContainerPostProcessor.OnPostprocessAllAssets 0.090ms
			RenderPipelineGlobalSettingsPostprocessor.OnPostprocessAllAssets 0.053ms
	GatherAllCurrentPrimaryImportResultRevisions: 0.076ms
	GenerateScriptTypeHashes: 0.485ms
	GenerateScriptTypeSerializationHashes: 1.050ms
	Untracked: 1857.843ms

Loaded scene 'Temp/__Backupscenes/0.backup'
	Deserialize:            0.707 ms
	Integration:            221.678 ms
	Integration of assets:  0.001 ms
	Thread Wait Time:       0.012 ms
	Total Operation Time:   222.399 ms
[Licensing::Client] Successfully resolved entitlement details
[Licensing::Client] Successfully resolved entitlement details
Unloading 1 Unused Serialized files (Serialized files now loaded: 0)
Loaded scene 'Temp/__Backupscenes/0.backup'
	Deserialize:            0.572 ms
	Integration:            11.835 ms
	Integration of assets:  0.001 ms
	Thread Wait Time:       0.010 ms
	Total Operation Time:   12.417 ms
Unloading 18 unused Assets / (29.6 MB). Loaded Objects now: 6189.
Memory consumption went from 0.64 GB to 0.61 GB.
Total: 13.991700 ms (FindLiveObjects: 0.344900 ms CreateObjectMapping: 0.114900 ms MarkObjects: 12.799900 ms  DeleteObjects: 0.560000 ms)

Asset Pipeline Refresh (id=f801eb8765a6a1c4aba75ae526063ad0): Total: 0.035 seconds - Initiated by RefreshV2(NoUpdateAssetOptions)
Scanning for USB devices : 2.851ms
Scanning for USB devices : 1.530ms
Scanning for USB devices : 1.162ms
Scanning for USB devices : 1.854ms
Scanning for USB devices : 1.274ms
Scanning for USB devices : 2.273ms
Asset Pipeline Refresh (id=e80580563a9db7e4fb74e9a8633be650): Total: 0.010 seconds - Initiated by RefreshV2(AllowForceSynchronousImport)
[Worker0] Imported GUID: c9864c1402ab58f4fa07d6f3b7db2188 - Path: Assets/Scripts/MovimentoPersonagem.cs - Importer: PreviewImporter -> (ImportResultId: 'e99178e025f3a543b715e870c94de64b') in 0.0103801 seconds
[Licensing::Client] Successfully resolved entitlement details
[Licensing::Client] Successfully resolved entitlement details
Scanning for USB devices : 1.880ms
Scanning for USB devices : 2.447ms
[ScriptCompilation] Requested script compilation because: AssetDatabase observed changes in script compilation related files
Refreshing native plugins compatible for Editor in 7.06 ms, found 4 plugins.

Asset Pipeline Refresh (id=2db6010732445414094e140b63481e0b): Total: 0.465 seconds - Initiated by RefreshV2(NoUpdateAssetOptions)
	(Values over 0.05ms)
	Summary:
		Imports: total=0 (actual=0, local cache=0, cache server=0)
		Asset DB Process Time: managed=0 ms, native=172 ms
		Asset DB Callback time: managed=209 ms, native=75 ms
		Scripting: domain reloads=0, domain reload time=0 ms, compile time=8 ms, other=0 ms
		Project Asset Count: scripts=835, non-scripts=930
		Asset File Changes: new=0, changed=1, moved=0, deleted=0
		Scan Filter Count: 0
	InvokeCustomDependenciesCallbacks: 0.099ms
	ApplyChangesToAssetFolders: 0.264ms
	Scan: 105.428ms
	Collect global state as custom dependencies: 3.810ms
	OnSourceAssetsModified: 14.155ms
	CategorizeScriptCompilationAssets: 0.101ms
	ProcessAssetsWithTransientArtifactChanges: 15.832ms
	CategorizeAssets: 2.140ms
	CompileScripts: 7.864ms
	ImportOutOfDateAssets: 6.276ms (0.412ms without children)
		UnloadImportedAssets: 1.688ms
		EnsureUptoDateAssetsAreRegisteredWithGuidPM: 0.340ms
		ImportSchedulerStart: 3.833ms
	PostProcessAllAssets: 232.740ms
		XRBuildSystem.XRAssetImported 35.682ms
		PostProcessCallbackCreateDeferredMaterials 0.373ms
		ShaderAssetModifiedCallback 0.067ms
		MonoPostProcessAllAssets: 194.982ms
			AssetPostprocessor.OnPostprocessAllAssets 72.789ms
			ConfigAssetsTracker.OnPostprocessAllAssets 25.613ms
			AssetChangedListener.OnPostprocessAllAssets 14.605ms
			UVCSAssetPostprocessor.OnPostprocessAllAssets 13.558ms
			AudioMixerPostprocessor.OnPostprocessAllAssets 9.599ms
			BuilderAssetPostprocessor.OnPostprocessAllAssets 9.262ms
			ArtifactBrowserPostProcessor.OnPostprocessAllAssets 8.917ms
			TMPro_TexturePostProcessor.OnPostprocessAllAssets 8.456ms
			RetainedModeAssetPostprocessor.OnPostprocessAllAssets 5.548ms
			StyleCatalogPostProcessor.OnPostprocessAllAssets 4.198ms
			ScenarioDriftAssetsTracker.OnPostprocessAllAssets 2.365ms
			TextAssetPostProcessor.OnPostprocessAllAssets 2.139ms
			SyncVS.PostprocessSyncProject 1.694ms
			AssetReloadNotifier.OnPostprocessAllAssets 1.404ms
			InputActionJsonNameModifierAssetProcessor.OnPostprocessAllAssets 1.339ms
			AudioContainerPostProcessor.OnPostprocessAllAssets 1.219ms
			AssetEvents.OnPostprocessAllAssets 1.061ms
			SamplePostprocessor.OnPostprocessAllAssets 0.697ms
			SpeedTreePostProcessor.OnPostprocessAllAssets 0.659ms
			ThemePostprocessor.OnPostprocessAllAssets 0.586ms
			WindowAssetPostprocessingWatcher.OnPostprocessAllAssets 0.202ms
			EditModeScopePostprocessor.OnPostprocessAllAssets 0.198ms
			InputActionAssetPostprocessor.OnPostprocessAllAssets 0.163ms
			AssetDatabaseCallbacks.OnPostprocessAllAssets 0.152ms
			ProjectSettingsPostprocessor.OnPostprocessAllAssets 0.125ms
			SpeedTree9Postprocessor.OnPostprocessAllAssets 0.081ms
			RenderPipelineGlobalSettingsPostprocessor.OnPostprocessAllAssets 0.050ms
	PostAssetChangesProfiler: 37.244ms
	GatherAllCurrentPrimaryImportResultRevisions: 0.586ms
	PersistCurrentRevisions: 0.054ms
	Untracked: 38.419ms

[Worker0] Imported GUID: c9864c1402ab58f4fa07d6f3b7db2188 - Path: Assets/Scripts/MovimentoPersonagem.cs - Importer: PreviewImporter -> (ImportResultId: '89756f92c9b791435af47941b52c2f89') in 0.0106613 seconds
[Licensing::Client] Successfully resolved entitlement details
Starting: C:\Program Files\Unity\Hub\Editor\6000.6.2f1\Editor\Data\Tools\BuildPipeline\bee_backend.exe --ipc --defer-dag-verification --dagfile="Library/Bee/1900b0aEDbg.dag" --continue-on-failure --profile="Library/Bee/backend1.traceevents" ScriptAssemblies
WorkingDir: C:/Users/nicole57193517/Prototipo
ExitCode: 0 Duration: 7s44ms
[457/564    0s] ILPP-Configuration Library/ilpp-configuration.nevergeneratedoutput
[560/564    5s] Csc Library/Bee/artifacts/1900b0aEDbg.dag/Assembly-CSharp.dll (+2 others)
[561/564    0s] ILPostProcess Library/Bee/artifacts/1900b0aEDbg.dag/post-processed/Assembly-CSharp.dll (+pdb)
Processing assembly Library/Bee/artifacts/1900b0aEDbg.dag/Assembly-CSharp.dll, with 149 defines and 318 references

processors: zzzUnity.Burst.CodeGen.BurstILPostProcessor

1 processor(s) skipped this assembly
[562/564    0s] CopyFiles Library/ScriptAssemblies/Assembly-CSharp.pdb
[563/564    1s] CopyFiles Library/ScriptAssemblies/Assembly-CSharp.dll
*** Tundra build success (6.92 seconds), 5 items updated, 564 evaluated
Reloading assemblies after forced synchronous recompile.
Total cache size 166573596
Total cache size after purge 166573596, took 00:00:00.2987779
Begin MonoManager ReloadAssembly
Refreshing native plugins compatible for Editor in 5.01 ms, found 4 plugins.
Native extension for WindowsStandalone target not found
[MODES] ModeService[none].Initialize
[MODES] ModeService[none].LoadModes
ScheduleIndexationOnStartup MainProcess:True IndexOnStartup:True
Scripting: successfully reloaded assembly
- Finished resetting the current domain, in  1.594 seconds
Domain Reload Profiling: 3166ms
	BeginReloadAssembly (926ms)
		DisableScriptedObjects (197ms)
		CreateAndSetChildDomain (293ms)
	RebuildCommonClasses (8ms)
	RebuildNativeTypeToScriptingClass (12ms)
	initialDomainReloadingComplete (124ms)
	LoadAllAssembliesAndSetupDomain (501ms)
		LoadAssemblies (370ms)
		TypeCache.Refresh (10ms)
		AnalyzeDomain (248ms)
			BuildScriptInfoCaches (241ms)
			ResolveRequiredComponents (5ms)
	FinalizeReload (1595ms)
		SetupLoadedEditorAssemblies (0ms)
			BeforeProcessingInitializeOnLoad (168ms)
			ProcessInitializeOnLoadAttributes (355ms)
			ProcessInitializeOnLoadMethodAttributes (33ms)
			AfterProcessingInitializeOnLoad (9ms)
		AwakeInstancesAfterBackupRestoration (655ms)

Asset Pipeline Refresh (id=d14c9b45e4160be4f915caa9675f0ac8): Total: 11.246 seconds - Initiated by RefreshV2(AllowForceSynchronousImport)
	(Values over 0.05ms)
	Summary:
		Imports: total=0 (actual=0, local cache=0, cache server=0)
		Asset DB Process Time: managed=0 ms, native=1713 ms
		Asset DB Callback time: managed=16 ms, native=14 ms
		Scripting: domain reloads=1, domain reload time=1995 ms, compile time=7506 ms, other=0 ms
		Project Asset Count: scripts=835, non-scripts=930
		Asset File Changes: new=0, changed=0, moved=0, deleted=0
		Scan Filter Count: 0
	InvokePackagesCallback: 20.307ms
	ApplyChangesToAssetFolders: 0.282ms
	Collect global state as custom dependencies: 3.239ms
	ProcessAssetsWithTransientArtifactChanges: 1.468ms
	CategorizeAssets: 11.354ms
	CompileScripts: 7506.254ms
	ImportOutOfDateAssets: 1602.726ms (1601.729ms without children)
		UnloadImportedAssets: 0.454ms
		EnsureUptoDateAssetsAreRegisteredWithGuidPM: 0.200ms
		ImportSchedulerStart: 0.302ms
	PostProcessAllAssets: 16.190ms
		MonoPostProcessAllAssets: 16.186ms
			AssetPostprocessor.OnPostprocessAllAssets 72.789ms
			ConfigAssetsTracker.OnPostprocessAllAssets 25.613ms
			AssetChangedListener.OnPostprocessAllAssets 14.605ms
			UVCSAssetPostprocessor.OnPostprocessAllAssets 13.558ms
			AudioMixerPostprocessor.OnPostprocessAllAssets 9.599ms
			BuilderAssetPostprocessor.OnPostprocessAllAssets 9.262ms
			ArtifactBrowserPostProcessor.OnPostprocessAllAssets 8.917ms
			TMPro_TexturePostProcessor.OnPostprocessAllAssets 8.456ms
			RetainedModeAssetPostprocessor.OnPostprocessAllAssets 5.548ms
			WindowAssetPostprocessingWatcher.OnPostprocessAllAssets 4.504ms
			StyleCatalogPostProcessor.OnPostprocessAllAssets 4.198ms
			SyncVS.PostprocessSyncProject 2.514ms
			ScenarioDriftAssetsTracker.OnPostprocessAllAssets 2.365ms
			TextAssetPostProcessor.OnPostprocessAllAssets 2.139ms
			AssetReloadNotifier.OnPostprocessAllAssets 1.404ms
			InputActionJsonNameModifierAssetProcessor.OnPostprocessAllAssets 1.339ms
			AudioContainerPostProcessor.OnPostprocessAllAssets 1.219ms
			AssetEvents.OnPostprocessAllAssets 1.061ms
			SamplePostprocessor.OnPostprocessAllAssets 0.697ms
			EditModeScopePostprocessor.OnPostprocessAllAssets 0.694ms
			SpeedTreePostProcessor.OnPostprocessAllAssets 0.659ms
			ThemePostprocessor.OnPostprocessAllAssets 0.586ms
			SpeedTree9Postprocessor.OnPostprocessAllAssets 0.521ms
			ProjectSettingsPostprocessor.OnPostprocessAllAssets 0.422ms
			InputActionAssetPostprocessor.OnPostprocessAllAssets 0.243ms
			TerrainToolbarOverlayPostProcessor.OnPostprocessAllAssets 0.139ms
			AssetDatabaseCallbacks.OnPostprocessAllAssets 0.132ms
			ReferencedClipsPostProcessor.OnPostprocessAllAssets 0.116ms
			RenderPipelineGlobalSettingsPostprocessor.OnPostprocessAllAssets 0.056ms
	GatherAllCurrentPrimaryImportResultRevisions: 0.092ms
	GenerateScriptTypeHashes: 0.526ms
	GenerateScriptTypeSerializationHashes: 1.039ms
	Untracked: 2068.948ms

[Licensing::Client] Successfully resolved entitlement details
[Licensing::Client] Successfully resolved entitlement details
[Licensing::Client] Successfully resolved entitlement details
[Licensing::Client] Successfully resolved entitlement details
[Licensing::Client] Successfully resolved entitlement details
[Licensing::Client] Successfully updated the access token
[Licensing::Module] Successfully updated access token: "iLKdFPrZ"... (expires: 2026-10-01T15:18:59Z)
[Licensing::Client] Successfully resolved entitlement details
[Licensing::Client] Successfully resolved entitlement details
[Licensing::Client] Successfully resolved entitlement details
Asset Pipeline Refresh (id=dadd52dc73d03fd4da74ce4fc66b4b5f): Total: 0.075 seconds - Initiated by RefreshV2(NoUpdateAssetOptions)
Asset Pipeline Refresh (id=c2061093395a5084ebab4193ce570961): Total: 0.031 seconds - Initiated by RefreshV2(NoUpdateAssetOptions)
Asset Pipeline Refresh (id=e1227c6149d59ae4186320423813c6b2): Total: 0.036 seconds - Initiated by RefreshV2(NoUpdateAssetOptions)
Asset Pipeline Refresh (id=478b596dcc16cd14d85990a9110626f5): Total: 0.053 seconds - Initiated by RefreshV2(NoUpdateAssetOptions)
Asset Pipeline Refresh (id=b36d0f19ab551c645b0be0b35d8c5d81): Total: 0.059 seconds - Initiated by RefreshV2(NoUpdateAssetOptions)
Asset Pipeline Refresh (id=f49490b608a1bc24d8e5bf3c3420973a): Total: 0.010 seconds - Initiated by RefreshV2(AllowForceSynchronousImport)
Asset Pipeline Refresh (id=412bf204d37084e409cacee173f3064e): Total: 0.011 seconds - Initiated by RefreshV2(AllowForceSynchronousImport)
Importing 'GUID: 9fc0d4010bbf28b4594072e72b8655ab - Path: Assets/Scenes/SampleScene.unity' with importer (DefaultImporter)
Imported 'GUID: 9fc0d4010bbf28b4594072e72b8655ab' -> (Import Result ID: 'acf4b2f5d6134156928a584dee47759a') in 0.006 seconds [static dependencies only]. Details - ImportResultOutputID=969a116b839ffa7e07089be46c53aee9 DependenciesID=7ca2b3e570d46616b4e056d819e67d65 StaticDependenciesID=d03864c431c084218b608e2aa6b68da4 
Refreshing native plugins compatible for Editor in 23.43 ms, found 4 plugins.
Asset Pipeline Refresh (id=80ae22024c67a4b44a11f15ae1208bcd): Total: 0.068 seconds - Initiated by StopAssetImportingV2(NoUpdateAssetOptions)
MonoPathRemapper: Attempts to remap: 43796; Successful remaps: 11112
Serialized file version minimum: 23, current 23
[LAYOUT] About to save layout C:\Users\nicole57193517\Prototipo\UserSettings\Layouts\default-6000.dwlt
[LAYOUT] About to save layout C:/Users/nicole57193517/AppData/Roaming/Unity/Editor-5.x/Preferences\Layouts\current\default-6000.dwlt
Input System module state changed to: ShutdownInProgress.
Input Polling Thread exited.
Input System module state changed to: Shutdown.
[Physics::Module] Cleanup current backend.
[Physics::Module] Id: 0xf2b8ea05
[Licensing::IpcConnector] LicenseClient-TQv63wp7rn4hkgEeCWwOu-notifications channel disconnected successfully.
[Licensing::IpcConnector] LicenseClient-TQv63wp7rn4hkgEeCWwOu channel disconnected successfully.
Lingering sessions upon destruction of worker manager
Unity Data Store service was successfully shut down
UDS shutting down local client system
Shut down UDS service system complete
AcceleratorClientConnectionCallback - disconnected - :0
Cleanup mono
CodeReloadManager destroyed
abort_threads: Failed aborting id: 000000000000A20C, mono_thread_manage will ignore it

abort_threads: Failed aborting id: 000000000000A20C, mono_thread_manage will ignore it

debugger-agent: Unable to listen on 5500
Checking for leaked weakptr:
  Found no leaked weakptrs.
[Package Manager] Server process was shutdown
##utp:{"type":"MemoryLeaks","version":2,"phase":"Immediate","time":1790861426707,"processId":34284,"allocatedMemory":15859015,"memoryLabels":[{"Default":202690},{"Permanent":15516},{"NewDelete":72929},{"Thread":4208712},{"Manager":50048},{"VertexData":8},{"Geometry":816},{"Texture":24},{"Shader":854698},{"Material":68},{"GfxDevice":66744},{"GfxThread":9216},{"Animation":952},{"FreeType":8},{"FontEngine":736},{"Physics":1970},{"Physics2D":16},{"Serialization":183864},{"Input":45280},{"JobScheduler":256},{"TextLib":35926},{"Mono":48},{"ScriptingNativeRuntime":1411176},{"BaseObject":49232},{"Resource":1252},{"Renderer":2376},{"Transform":4685},{"File":7389},{"WebCam":616},{"Culling":32},{"Terrain":11442},{"Wind":24},{"STL":40},{"String":1331608},{"StaticString":3808},{"Utility":2676661},{"Curl":48},{"PoolAlloc":2168},{"AI":80},{"TypeTree":347986},{"ScriptManager":69608},{"CodeReload":448},{"RuntimeInitializeOnLoadManager":64},{"Sprites":102},{"SpriteAtlas":120},{"GI":7816},{"Director":8296},{"CloudService":8880},{"WebRequest":4580},{"VR":49650},{"SceneManager":608},{"Video":208},{"LazyScriptCache":32},{"NativeArray":5400},{"Camera":19057},{"Secure":265},{"SerializationCache":9256},{"APIUpdating":10320},{"Subsystems":336},{"VirtualTexturing":57888},{"StaticSafetyDebugInfo":278528},{"Analytics":768},{"Hierarchy":1188},{"UIElements":40},{"CoreStats":14456},{"Identifiers":7152},{"Gui":1069838},{"EditorUtility":162832},{"VersionControl":8},{"Undo":931},{"AssetDatabase":2405806},{"AssetImporter":40},{"EditorGi":328},{"UnityConnect":36881},{"Upm":1988},{"UpmDiagnostics":8},{"AssetCompliance":96},{"DrivenProperties":72},{"LocalIPC":292},{"ProfilerEditor":9746},{"CoreBusinessMetrics":3606},{"Windowing":456},{"Licensing":12857},{"AssetReference":32},{"IPCStream":32}]}
