[2026-10-01T11:20:50.335Z][INFO] Command-line: 'C:\\Program Files\\Unity\\Hub\\Editor\\6000.6.2f1\\Editor\\Data\\Resources\\PackageManager\\Server\\UnityPackageManager.exe' server -s 34284 --ipc-path Unity-Upm-34284 -l 2 --log-file C:\\Users\\nicole57193517\\Prototipo/Logs/upm.log
[2026-10-01T11:20:50.385Z][INFO] IPC server started (IPC path=Unity-Upm-34284).
[2026-10-01T11:20:50.385Z][INFO] Hint: To connect to this UPM instance, launch Unity with the command-line parameter -upmIpcPath Upm-34284.
[2026-10-01T11:20:55.739Z][INFO] project:list-packages <-- Request received
params: {}
[2026-10-01T11:20:55.781Z][INFO] config:project:get-registries <-- Request received
params: {}
[2026-10-01T11:20:56.025Z][INFO] config:project:get-registries --> 200 (244 ms)
[2026-10-01T11:20:56.050Z][INFO] project:list-packages --> 200 (311 ms)
[2026-10-01T11:20:57.312Z][INFO] project:list-packages <-- Request received
params: {}
[2026-10-01T11:20:57.442Z][INFO] project:list-packages --> 200 (130 ms)
[2026-10-01T11:21:08.186Z][INFO] project:list-packages <-- Request received
params: {}
[2026-10-01T11:21:08.257Z][INFO] project:list-packages <-- Request received
params: {}
[2026-10-01T11:21:08.445Z][INFO] project:list-packages <-- Request received
params: {}
[2026-10-01T11:21:08.513Z][INFO] config:project:get-registries <-- Request received
params: {}
[2026-10-01T11:21:08.522Z][INFO] project:list-packages --> 200 (265 ms)
[2026-10-01T11:21:08.526Z][INFO] project:list-packages --> 200 (340 ms)
[2026-10-01T11:21:08.529Z][INFO] config:project:get-registries --> 200 (17 ms)
[2026-10-01T11:21:08.597Z][INFO] project:list-packages --> 200 (152 ms)
[2026-10-01T11:21:12.032Z][INFO] project:list-packages <-- Request received
params: {}
[2026-10-01T11:21:12.140Z][INFO] project:list-packages --> 200 (108 ms)
[2026-10-01T11:21:16.362Z][INFO] project:list-packages <-- Request received
params: {}
[2026-10-01T11:21:17.927Z][INFO] project:list-packages --> 200 (1565 ms)
[2026-10-01T11:21:21.875Z][INFO] project:list-packages <-- Request received
params: {}
[2026-10-01T11:21:21.913Z][INFO] project:list-packages <-- Request received
params: {}
[2026-10-01T11:21:22.103Z][INFO] project:list-packages --> 200 (190 ms)
[2026-10-01T11:21:22.103Z][INFO] project:list-packages --> 200 (228 ms)
[2026-10-01T11:21:22.149Z][INFO] project:list-packages <-- Request received
params: {}
[2026-10-01T11:21:22.191Z][INFO] config:project:get-registries <-- Request received
params: {}
[2026-10-01T11:21:22.198Z][INFO] config:project:get-registries --> 200 (7 ms)
[2026-10-01T11:21:22.246Z][INFO] project:list-packages --> 200 (97 ms)
[2026-10-01T11:41:07.610Z][INFO] project:list-packages <-- Request received
params: {}
[2026-10-01T11:41:07.820Z][INFO] project:list-packages --> 200 (210 ms)
[2026-10-01T11:41:07.858Z][INFO] project:list-packages <-- Request received
params: {}
[2026-10-01T11:41:07.886Z][INFO] config:project:get-registries <-- Request received
params: {}
[2026-10-01T11:41:07.892Z][INFO] config:project:get-registries --> 200 (6 ms)
[2026-10-01T11:41:07.946Z][INFO] project:list-packages --> 200 (88 ms)
[2026-10-01T11:41:36.934Z][INFO] project:list-packages <-- Request received
params: {}
[2026-10-01T11:41:37.010Z][INFO] project:list-packages --> 200 (76 ms)
[2026-10-01T11:41:37.162Z][INFO] project:list-packages <-- Request received
params: {}
[2026-10-01T11:41:37.205Z][INFO] config:project:get-registries <-- Request received
params: {}
[2026-10-01T11:41:37.212Z][INFO] config:project:get-registries --> 200 (7 ms)
[2026-10-01T11:41:37.243Z][INFO] project:list-packages --> 200 (81 ms)
[2026-10-01T11:42:41.379Z][INFO] project:list-packages <-- Request received
params: {}
[2026-10-01T11:42:41.460Z][INFO] project:list-packages --> 200 (81 ms)
[2026-10-01T11:42:41.609Z][INFO] project:list-packages <-- Request received
params: {}
[2026-10-01T11:42:41.646Z][INFO] config:project:get-registries <-- Request received
params: {}
[2026-10-01T11:42:41.654Z][INFO] config:project:get-registries --> 200 (8 ms)
[2026-10-01T11:42:41.698Z][INFO] project:list-packages --> 200 (89 ms)
[2026-10-01T11:43:16.425Z][INFO] project:list-packages <-- Request received
params: {}
[2026-10-01T11:43:16.499Z][INFO] project:list-packages --> 200 (74 ms)
[2026-10-01T11:43:16.666Z][INFO] project:list-packages <-- Request received
params: {}
[2026-10-01T11:43:16.705Z][INFO] config:project:get-registries <-- Request received
params: {}
[2026-10-01T11:43:16.710Z][INFO] config:project:get-registries --> 200 (5 ms)
[2026-10-01T11:43:16.754Z][INFO] project:list-packages --> 200 (88 ms)
[2026-10-01T11:46:20.821Z][INFO] project:list-packages <-- Request received
params: {}
[2026-10-01T11:46:20.907Z][INFO] project:list-packages --> 200 (86 ms)
[2026-10-01T11:46:21.053Z][INFO] project:list-packages <-- Request received
params: {}
[2026-10-01T11:46:21.091Z][INFO] config:project:get-registries <-- Request received
params: {}
[2026-10-01T11:46:21.098Z][INFO] config:project:get-registries --> 200 (7 ms)
[2026-10-01T11:46:21.146Z][INFO] project:list-packages --> 200 (93 ms)
[2026-10-01T11:46:46.697Z][INFO] project:list-packages <-- Request received
params: {}
[2026-10-01T11:46:46.825Z][INFO] project:list-packages --> 200 (128 ms)
[2026-10-01T11:46:46.941Z][INFO] project:list-packages <-- Request received
params: {}
[2026-10-01T11:46:46.969Z][INFO] config:project:get-registries <-- Request received
params: {}
[2026-10-01T11:46:46.978Z][INFO] config:project:get-registries --> 200 (9 ms)
[2026-10-01T11:46:47.089Z][INFO] project:list-packages --> 200 (148 ms)
[2026-10-01T11:46:53.810Z][INFO] project:list-packages <-- Request received
params: {}
[2026-10-01T11:46:53.887Z][INFO] project:list-packages --> 200 (77 ms)
[2026-10-01T11:46:54.036Z][INFO] project:list-packages <-- Request received
params: {}
[2026-10-01T11:46:54.065Z][INFO] config:project:get-registries <-- Request received
params: {}
[2026-10-01T11:46:54.070Z][INFO] config:project:get-registries --> 200 (5 ms)
[2026-10-01T11:46:54.117Z][INFO] project:list-packages --> 200 (81 ms)
[2026-10-01T12:58:21.228Z][INFO] project:list-packages <-- Request received
params: {}
[2026-10-01T12:58:21.420Z][INFO] project:list-packages --> 200 (193 ms)
[2026-10-01T12:58:21.494Z][INFO] project:list-packages <-- Request received
params: {}
[2026-10-01T12:58:21.537Z][INFO] config:project:get-registries <-- Request received
params: {}
[2026-10-01T12:58:21.545Z][INFO] config:project:get-registries --> 200 (8 ms)
[2026-10-01T12:58:21.607Z][INFO] project:list-packages --> 200 (113 ms)
[2026-10-01T13:19:44.899Z][INFO] project:list-packages <-- Request received
params: {}
[2026-10-01T13:19:45.307Z][INFO] project:list-packages <-- Request received
params: {}
[2026-10-01T13:19:46.160Z][INFO] project:list-packages --> 200 (853 ms)
[2026-10-01T13:19:46.162Z][INFO] project:list-packages --> 200 (1263 ms)
[2026-10-01T13:19:49.994Z][INFO] project:list-packages <-- Request received
params: {}
[2026-10-01T13:19:50.091Z][INFO] project:list-packages --> 200 (97 ms)
[2026-10-01T13:19:50.772Z][INFO] project:list-packages <-- Request received
params: {}
[2026-10-01T13:19:50.855Z][INFO] project:list-packages --> 200 (83 ms)
[2026-10-01T13:19:53.994Z][INFO] project:list-packages <-- Request received
params: {}
[2026-10-01T13:19:54.070Z][INFO] project:list-packages --> 200 (76 ms)
[2026-10-01T13:19:54.992Z][INFO] project:list-packages <-- Request received
params: {}
[2026-10-01T13:19:55.079Z][INFO] project:list-packages --> 200 (87 ms)
